
Rflow 0.30
Command: /Users/ian/binw/rflow.py h-002_He_004-tt3.xml test2.data test2.norms -C -S 1 -I 2000 

 Trim incoming data within [ 1.0 , 12.0 ] in cm MeV for projectile He3
1874 data lines after -x options and lab energies defined by projectile He3 ( 0 lines excluded)
Kept data in the Ecm g-p range [ 1.4070000000000003 , 6.565799999999999 ] using Qd,Qi = 0.0 0.0 

Make 1874 data from 1809 angular, 65 angle integrals, 0 totals and 0 Reich-Moore captures
Using previously fitted norm for r:Barnard              :  1.00105e+00 instead of  1.00000e+00
Using previously fitted norm for r:Elwyn                :  1.09767e+00 instead of  1.00000e+00
Using previously fitted norm for r:Elwyn_dXS            :  1.08813e+00 instead of  1.00000e+00
Using previously fitted norm for r:Fasoli               :  9.84753e-01 instead of  1.00000e+00
Using previously fitted norm for r:Fiedler              :  1.48659e+00 instead of  1.00000e+00
Using previously fitted norm for r:Harrison             :  1.20135e+00 instead of  1.00000e+00
Using previously fitted norm for r:Ivanovic             :  1.05147e+00 instead of  1.00000e+00
Using previously fitted norm for r:McCray               :  1.13100e+00 instead of  1.00000e+00
Using previously fitted norm for r:Spiger_3He3He        :  9.24014e-01 instead of  1.00000e+00
Using previously fitted norm for r:Spiger_3Hep          :  1.02697e+00 instead of  1.00000e+00
Using previously fitted norm for r:Tumino               :  1.12291e+00 instead of  1.00000e+00

Data points: 1874 of which 1809 are for angles, 65 are for angle-integrals, 0 are for totals, and 0 for Reich-Moore captures 
Data groups: 92 
X4 groups: 11 
Variable norms: 11  of which  7 constrained, 4 free, and 0  fixed ( 0 temporarily)

Energy limits:   Data min,max: None None .  Poles min,max: None None
File base: h-002_He_004-tt3.xml+test2+S1_I2000+C
Finish setup:  delta times: cpu = 0.19 s, wall = 0.31 s on Tue May 14 08:57:53 2024 

Partition 0 elim,label False He3 + He4
Partition 1 elim,label False H1 + Li6

Channels:
0 : He3 + He4  Q = 0.0 R = 4.24151
1 : H1 + Li6  Q = -4.0198 R = 3.94396
Need 1874 energies in 10 Jpi sets with 3 poles max, and 4 channels max. Lmax=6
J,pi =  1.5 -, channels   4, poles   3
J,pi =  0.5 -, channels   3, poles   2
J,pi =  3.5 -, channels   4, poles   2
J,pi =  2.5 -, channels   4, poles   3
J,pi =  0.5 +, channels   3, poles   1
J,pi =  1.5 +, channels   4, poles   2
J,pi =  2.5 +, channels   4, poles   2
J,pi =  3.5 +, channels   4, poles   0
J,pi =  4.5 -, channels   4, poles   0
J,pi =  4.5 +, channels   4, poles   0
 Total channels 38  and total poles 15 

Max channels in each partition: [1 3]  max= 3 from NLMAX= None

 Search: 1 to 2000 iterations
Variable borders: [ 0 15 72 83 83] and Fixed frontiers: [0 0 0 0 0]
Variable parameters - E,w,norms,D:  15 57 11 0  = 83
Fixed    parameters - E,w,norms,D:  0 0 0 0  = 0
# zero widths  = 63 

Searching on pole energies: ['PJ1.5-:E-7.013', 'PJ1.5-:E24.079', 'PJ1.5-:E35.070', 'PJ0.5-:E-29.128', 'PJ0.5-:E35.070', 'PJ3.5-:E-21.774', 'PJ3.5-:E35.070', 'PJ2.5-:E11.709', 'PJ2.5-:E10.983', 'PJ2.5-:E35.070', 'PJ0.5+:E35.070', 'PJ1.5+:E22.335', 'PJ1.5+:E35.070', 'PJ2.5+:E27.183', 'PJ2.5+:E35.070']
Keep fixed   pole energies: []
Searching on widths : ['w0,J1.5-:E-7.013', 'w1,J1.5-:E-7.013', 'w2,J1.5-:E-7.013', 'w3,J1.5-:E-7.013', 'w0,J1.5-:E24.079', 'w1,J1.5-:E24.079', 'w2,J1.5-:E24.079', 'w3,J1.5-:E24.079', 'w0,J1.5-:E35.070', 'w1,J1.5-:E35.070', 'w2,J1.5-:E35.070', 'w3,J1.5-:E35.070', 'w0,J0.5-:E-29.128', 'w1,J0.5-:E-29.128', 'w2,J0.5-:E-29.128', 'w0,J0.5-:E35.070', 'w1,J0.5-:E35.070', 'w2,J0.5-:E35.070', 'w0,J3.5-:E-21.774', 'w1,J3.5-:E-21.774', 'w2,J3.5-:E-21.774', 'w3,J3.5-:E-21.774', 'w0,J3.5-:E35.070', 'w1,J3.5-:E35.070', 'w2,J3.5-:E35.070', 'w3,J3.5-:E35.070', 'w0,J2.5-:E11.709', 'w1,J2.5-:E11.709', 'w2,J2.5-:E11.709', 'w3,J2.5-:E11.709', 'w0,J2.5-:E10.983', 'w1,J2.5-:E10.983', 'w2,J2.5-:E10.983', 'w3,J2.5-:E10.983', 'w0,J2.5-:E35.070', 'w1,J2.5-:E35.070', 'w2,J2.5-:E35.070', 'w3,J2.5-:E35.070', 'w0,J0.5+:E35.070', 'w1,J0.5+:E35.070', 'w2,J0.5+:E35.070', 'w0,J1.5+:E22.335', 'w1,J1.5+:E22.335', 'w2,J1.5+:E22.335', 'w3,J1.5+:E22.335', 'w0,J1.5+:E35.070', 'w1,J1.5+:E35.070', 'w2,J1.5+:E35.070', 'w3,J1.5+:E35.070', 'w0,J2.5+:E27.183', 'w1,J2.5+:E27.183', 'w2,J2.5+:E27.183', 'w3,J2.5+:E27.183', 'w0,J2.5+:E35.070', 'w1,J2.5+:E35.070', 'w2,J2.5+:E35.070', 'w3,J2.5+:E35.070']
Keep fixed   widths: []
Searching on norms : ['r:Barnard', 'r:Elwyn', 'r:Elwyn_dXS', 'r:Fasoli', 'r:Fiedler', 'r:Harrison', 'r:Ivanovic', 'r:McCray', 'r:Spiger_3He3He', 'r:Spiger_3Hep', 'r:Tumino']
Keep fixed   norms: []
Searching on damping widths: [  ]
L4 norm of widths: 34044.28710718078
AAL, AA sizes/p= 0.003, 0.117 GB from 1809*(10*3^2)^2 reals
Number of search parameters: 83
To start tf:  delta times: cpu = 0.8899999999999999 s, wall = 1.05 s on Tue May 14 08:57:54 2024
GPUs: [PhysicalDevice(name='/physical_device:GPU:0', device_type='GPU')] with TF: 2.13.0

Tp_mat size 0.01079424 GB
Search parameters : 83
Data points: 1874 of which 1809 are for angles, 65 are for angle-integrals, 0 are for totals, and 0 for capture. Dof= 1791
First FitStatusTF:  delta times: cpu = 3.35 s, wall = 4.23 s on Tue May 14 08:57:57 2024

First run chisq/pt: 1.9282181414611441 including ww/pt 0.0 : 1.9282181414611441 for data.

Start search

Results:
Converged: True Failed: False
Num_iterations: 1203 Num_objective_evaluations: 3394
Objective_value: 2869.7955254053204 Objective chisq/pt 1.5313743465343226
inverse_hessian shape= (83, 83) 
diagonal: ['0.0296,', '0.0107,', '0.0016,', '0.0020,', '0.0270,', '0.0003,', '0.2255,', '0.0085,', '0.0148,', '0.1287,', '0.1390,', '0.0504,', '0.0168,', '0.0016,', '0.0177,', '0.0027,', '0.0453,', '0.1260,', '0.0381,', '0.0154,', '0.0088,', '0.0034,', '0.0614,', '0.0021,', '0.0201,', '0.0365,', '0.1029,', '0.0188,', '0.0644,', '0.5578,', '0.0105,', '0.0851,', '0.2752,', '0.0023,', '0.1300,', '0.0082,', '0.0396,', '0.0037,', '0.1181,', '0.0584,', '0.0113,', '0.0029,', '0.0468,', '0.1021,', '0.1873,', '0.0087,', '0.0027,', '0.0665,', '0.0485,', '0.0033,', '0.0130,', '0.1739,', '0.2534,', '0.0020,', '0.0028,', '0.0324,', '0.0013,', '0.0014,', '0.0235,', '0.0319,', '0.0011,', '0.0100,', '0.0568,', '0.0800,', '0.0017,', '0.0360,', '0.0495,', '0.0194,', '0.0002,', '0.0141,', '0.0989,', '0.0008,', '0.0000,', '0.0001,', '0.0000,', '0.0000,', '0.0012,', '0.0000,', '0.0000,', '0.0000,', '0.0000,', '0.0000,', '0.0001,']
Second FitStatusTF start:  delta times: cpu = 2211.6800000000003 s, wall = 460.34 s on Tue May 14 09:05:33 2024
chisq from FitStatusTF/pt: 1.5313743465343226  chisq/dof = 1.6023425602486434
TAp_mat size 0.01079424 GB
TCp_mat size 0.01041984 GB
First FitStatusTF:  delta times: cpu = 2213.84 s, wall = 461.82 s on Tue May 14 09:05:35 2024 giving chisq/pt 1.5313743465343226
Ending tf:  delta times: cpu = 2213.84 s, wall = 461.82 s on Tue May 14 09:05:35 2024
Finished tf:  delta times: cpu = 2213.95 s, wall = 461.94 s on Tue May 14 09:05:35 2024

R-matrix parameters:

Formal and 'Observed' properties by first-order (Thomas) corrections:
  For J/pi = 1.5-: 3
   Pole   0 at Elab = -12.907528 (cm  -7.360936, obs  11.634678) MeV widths: formal   27.96938, obs   25.85690, damping    0.00000
   Pole   1 at Elab =  25.859234 (cm  14.747067, obs  19.583599) MeV widths: formal   80.63928, obs   71.51073, damping    0.00000
   Pole   2 at Elab =  34.993147 (cm  19.955977, obs  32.369037) MeV widths: formal  190.94101, obs  165.27731, damping    0.00000
  For J/pi = 0.5-: 2
   Pole   0 at Elab = -28.464364 (cm -16.232727, obs 102.303587) MeV widths: formal  483.71601, obs  482.28839, damping    0.00000
   Pole   1 at Elab =  38.273283 (cm  21.826580, obs  22.524470) MeV widths: formal   75.10407, obs   73.66969, damping    0.00000
  For J/pi = 3.5-: 2
   Pole   0 at Elab = -22.050097 (cm -12.574783, obs 950.042722) MeV widths: formal 9383.26712, obs 9366.83700, damping    0.00000
   Pole   1 at Elab =  49.397867 (cm  28.170735, obs  31.046953) MeV widths: formal  145.61207, obs  137.65607, damping    0.00000
  For J/pi = 2.5-: 3
   Pole   0 at Elab =  11.227289 (cm   6.402726, obs  11.117774) MeV widths: formal    4.38493, obs    3.79667, damping    0.00000
   Pole   1 at Elab =  10.417949 (cm   5.941173, obs  15.625485) MeV widths: formal   13.71638, obs   11.44330, damping    0.00000
   Pole   2 at Elab =  44.574314 (cm  25.419948, obs  29.418773) MeV widths: formal  164.09622, obs  151.77737, damping    0.00000
  For J/pi = 0.5+: 1
   Pole   0 at Elab =  16.985215 (cm   9.686370, obs  10.151459) MeV widths: formal   64.35626, obs   62.39831, damping    0.00000
  For J/pi = 1.5+: 2
   Pole   0 at Elab =  13.644863 (cm   7.781426, obs   9.577589) MeV widths: formal    9.48317, obs    8.56384, damping    0.00000
   Pole   1 at Elab =  29.770372 (cm  16.977520, obs  19.883687) MeV widths: formal   70.96372, obs   65.19925, damping    0.00000
  For J/pi = 2.5+: 2
   Pole   0 at Elab =  27.306606 (cm  15.572478, obs 267.711149) MeV widths: formal 2259.49656, obs 2227.01003, damping    0.00000
   Pole   1 at Elab =  38.518306 (cm  21.966313, obs  24.553567) MeV widths: formal   92.30431, obs   86.62967, damping    0.00000
  For J/pi = 3.5+: 0
  For J/pi = 4.5-: 0
  For J/pi = 4.5+: 0

   P  Loc   Start:    V           grad    Final:     V      grad        1sig   Percent error     Parameter        new name
   0    0   S:   -7.01304          -3.11  F:   -12.90753      0.202     0.17217       -1.3 %    PJ1.5-:E-7.013     PJ1.5-:E-12.908
   1    1   S:   24.07860          14.41  F:    25.85923     -0.227     0.10327        0.4 %    PJ1.5-:E24.079     PJ1.5-:E25.859
   2    2   S:   35.07034          16.41  F:    34.99315     -0.001     0.04053        0.1 %    PJ1.5-:E35.070     PJ1.5-:E34.993
   3    3   S:  -29.12815          -0.80  F:   -28.46436     -0.122     0.04448       -0.2 %   PJ0.5-:E-29.128     PJ0.5-:E-28.464
   4    4   S:   35.07034          -7.07  F:    38.27328     -0.223     0.16440        0.4 %    PJ0.5-:E35.070     PJ0.5-:E38.273
   5    6   S:  -21.77411         358.28  F:   -22.05010     -0.153     0.01799       -0.1 %   PJ3.5-:E-21.774     PJ3.5-:E-22.050
   6    7   S:   35.07034          15.61  F:    49.39787     -0.682     0.47490        1.0 %    PJ3.5-:E35.070     PJ3.5-:E49.398
   7    9   S:   11.70927          22.53  F:    11.22729      0.022     0.09203        0.8 %    PJ2.5-:E11.709     PJ2.5-:E11.227
   8   10   S:   10.98257          63.86  F:    10.41795     -0.285     0.12171        1.2 %    PJ2.5-:E10.983     PJ2.5-:E10.418
   9   11   S:   35.07034           0.44  F:    44.57431     -0.610     0.35871        0.8 %    PJ2.5-:E35.070     PJ2.5-:E44.574
  10   12   S:   35.07034          48.18  F:    16.98522     -0.838     0.37282        2.2 %    PJ0.5+:E35.070     PJ0.5+:E16.985
  11   15   S:   22.33490          21.47  F:    13.64486      0.063     0.22458        1.6 %    PJ1.5+:E22.335     PJ1.5+:E13.645
  12   16   S:   35.07034         -32.87  F:    29.77037      0.141     0.12961        0.4 %    PJ1.5+:E35.070     PJ1.5+:E29.770
  13   18   S:   27.18337          -8.40  F:    27.30661     -0.246     0.04045        0.1 %    PJ2.5+:E27.183     PJ2.5+:E27.307
  14   19   S:   35.07034          35.32  F:    38.51831     -0.073     0.13304        0.3 %    PJ2.5+:E35.070     PJ2.5+:E38.518
  15    0   S:   -1.02728          65.70  F:    -1.64881      0.020     0.05217       -3.2 %   w0,J1.5-:E-7.013     w0,J1.5-:E-12.908
  16    1   S:   -0.01523         -20.47  F:    -1.36943     -0.200     0.21284      -15.5 %   w1,J1.5-:E-7.013     w1,J1.5-:E-12.908
  17    2   S:   -1.83588          -1.05  F:     0.67027     -0.118     0.35494       53.0 %   w2,J1.5-:E-7.013     w2,J1.5-:E-12.908
  18    3   S:    1.41413         -13.54  F:     0.60921     -0.207     0.19514       32.0 %   w3,J1.5-:E-7.013     w3,J1.5-:E-12.908
  19    4   S:   -0.22451        -224.58  F:    -0.01350     -0.115     0.12423     -920.1 %   w0,J1.5-:E24.079     w0,J1.5-:E25.859
  20    5   S:   -1.84383          33.54  F:    -2.24656     -0.002     0.09357       -4.2 %   w1,J1.5-:E24.079     w1,J1.5-:E25.859
  21    6   S:   -3.00246         140.92  F:    -2.96174     -0.032     0.05862       -2.0 %   w2,J1.5-:E24.079     w2,J1.5-:E25.859
  22    7   S:   -1.36026          -1.78  F:     1.30722     -0.023     0.24780       19.0 %   w3,J1.5-:E24.079     w3,J1.5-:E25.859
  23    8   S:    2.14740        -339.75  F:     2.54885      0.007     0.04559        1.8 %   w0,J1.5-:E35.070     w0,J1.5-:E34.993
  24    9   S:    0.92192         -18.36  F:     2.20587     -0.033     0.14162        6.4 %   w1,J1.5-:E35.070     w1,J1.5-:E34.993
  25   10   S:    0.25154         125.23  F:    -0.74494     -0.206     0.19100      -25.6 %   w2,J1.5-:E35.070     w2,J1.5-:E34.993
  26   11   S:    1.00041         -24.08  F:     3.35753     -0.110     0.32085        9.6 %   w3,J1.5-:E35.070     w3,J1.5-:E34.993
  27   12   S:   -1.66256          24.27  F:    -1.86199      0.049     0.13729       -7.4 %   w0,J0.5-:E-29.128     w0,J0.5-:E-28.464
  28   13   S:    4.18476          10.53  F:     5.05084      0.083     0.25371        5.0 %   w1,J0.5-:E-29.128     w1,J0.5-:E-28.464
  29   14   S:    0.95228         -83.39  F:     0.41603     -0.241     0.74685      179.5 %   w2,J0.5-:E-29.128     w2,J0.5-:E-28.464
  30   16   S:    1.72252         110.57  F:     2.02969     -0.003     0.10252        5.1 %   w0,J0.5-:E35.070     w0,J0.5-:E38.273
  31   17   S:    0.02755           0.13  F:    -1.64776     -0.017     0.29178      -17.7 %   w1,J0.5-:E35.070     w1,J0.5-:E38.273
  32   18   S:   -1.71781        -100.24  F:    -1.49127      0.177     0.52458      -35.2 %   w2,J0.5-:E35.070     w2,J0.5-:E38.273
  33   24   S:    4.54266       -1818.34  F:     3.38995      0.468     0.04801        1.4 %   w0,J3.5-:E-21.774     w0,J3.5-:E-22.050
  34   25   S:   -1.37753        -202.72  F:    -3.05736      0.190     0.36056      -11.8 %   w1,J3.5-:E-21.774     w1,J3.5-:E-22.050
  35   26   S:  -12.62615       -2000.64  F:   -10.30905      0.356     0.09032       -0.9 %   w2,J3.5-:E-21.774     w2,J3.5-:E-22.050
  36   27   S:    4.58028         457.58  F:     7.74836     -0.632     0.19894        2.6 %   w3,J3.5-:E-21.774     w3,J3.5-:E-22.050
  37   28   S:    3.74730          80.91  F:     3.53947      0.035     0.06060        1.7 %   w0,J3.5-:E35.070     w0,J3.5-:E49.398
  38   29   S:   -1.15102          16.99  F:    -0.18490      0.298     0.34369     -185.9 %   w1,J3.5-:E35.070     w1,J3.5-:E49.398
  39   30   S:   -4.90761         251.33  F:    -0.67959      0.381     0.24157      -35.5 %   w2,J3.5-:E35.070     w2,J3.5-:E49.398
  40   31   S:    0.23924         -64.05  F:    -0.14427     -0.009     0.10643      -73.8 %   w3,J3.5-:E35.070     w3,J3.5-:E49.398
  41   36   S:   -0.90634          56.92  F:    -0.79953      0.058     0.05364       -6.7 %   w0,J2.5-:E11.709     w0,J2.5-:E11.227
  42   37   S:    0.86979         -17.34  F:     0.51437      0.030     0.21642       42.1 %   w1,J2.5-:E11.709     w1,J2.5-:E11.227
  43   38   S:    1.41596         -12.13  F:    -1.14734      0.154     0.31958      -27.9 %   w2,J2.5-:E11.709     w2,J2.5-:E11.227
  44   39   S:   -0.25595          -6.19  F:     0.14724      0.302     0.43273      293.9 %   w3,J2.5-:E11.709     w3,J2.5-:E11.227
  45   40   S:   -0.45263          16.21  F:    -0.41482      0.054     0.09337      -22.5 %   w0,J2.5-:E10.983     w0,J2.5-:E10.418
  46   41   S:   -1.45976          41.96  F:    -1.34429      0.194     0.05228       -3.9 %   w1,J2.5-:E10.983     w1,J2.5-:E10.418
  47   42   S:   -2.20137          31.37  F:     0.96369      0.626     0.25786       26.8 %   w2,J2.5-:E10.983     w2,J2.5-:E10.418
  48   43   S:   -1.42671          13.12  F:    -1.39968      0.001     0.22020      -15.7 %   w3,J2.5-:E10.983     w3,J2.5-:E10.418
  49   44   S:   -3.04521          72.65  F:    -3.67537      0.035     0.05707       -1.6 %   w0,J2.5-:E35.070     w0,J2.5-:E44.574
  50   45   S:   -0.07469           9.19  F:     1.16676     -0.077     0.11421        9.8 %   w1,J2.5-:E35.070     w1,J2.5-:E44.574
  51   46   S:   -3.59878         -20.59  F:    -0.42535     -0.346     0.41696      -98.0 %   w2,J2.5-:E35.070     w2,J2.5-:E44.574
  52   47   S:    1.97946           9.30  F:    -0.97177     -0.815     0.50343      -51.8 %   w3,J2.5-:E35.070     w3,J2.5-:E44.574
  53   48   S:   -4.02976         488.27  F:    -2.50861      0.150     0.04467       -1.8 %   w0,J0.5+:E35.070     w0,J0.5+:E16.985
  54   49   S:   -3.88860         116.89  F:    -2.27399     -0.028     0.05244       -2.3 %   w1,J0.5+:E35.070     w1,J0.5+:E16.985
  55   50   S:   -1.79540          15.78  F:    -0.12064      0.261     0.18005     -149.2 %   w2,J0.5+:E35.070     w2,J0.5+:E16.985
  56   60   S:    0.03961        -244.27  F:    -0.48275      0.014     0.03547       -7.3 %   w0,J1.5+:E22.335     w0,J1.5+:E13.645
  57   61   S:    2.65794        -115.94  F:     1.40879      0.026     0.03724        2.6 %   w1,J1.5+:E22.335     w1,J1.5+:E13.645
  58   62   S:    0.61623           8.59  F:     0.50921      0.110     0.15332       30.1 %   w2,J1.5+:E22.335     w2,J1.5+:E13.645
  59   63   S:    3.56809         -31.12  F:     0.96163      0.065     0.17856       18.6 %   w3,J1.5+:E22.335     w3,J1.5+:E13.645
  60   64   S:    2.36411        1214.43  F:     1.76120      0.021     0.03377        1.9 %   w0,J1.5+:E35.070     w0,J1.5+:E29.770
  61   65   S:   -0.54556        -239.69  F:     1.82209      0.010     0.09985        5.5 %   w1,J1.5+:E35.070     w1,J1.5+:E29.770
  62   66   S:    2.12504        -277.46  F:     1.94978      0.011     0.23829       12.2 %   w2,J1.5+:E35.070     w2,J1.5+:E29.770
  63   67   S:   -1.15648         140.81  F:     1.04924     -0.120     0.28277       27.0 %   w3,J1.5+:E35.070     w3,J1.5+:E29.770
  64   72   S:   -0.49861         -80.86  F:    -0.36189      0.106     0.04151      -11.5 %   w0,J2.5+:E27.183     w0,J2.5+:E27.307
  65   73   S:    1.71645         104.37  F:     1.10901     -0.520     0.18970       17.1 %   w1,J2.5+:E27.183     w1,J2.5+:E27.307
  66   74   S:    0.08500          36.05  F:     0.09278      0.287     0.22249      239.8 %   w2,J2.5+:E27.183     w2,J2.5+:E27.307
  67   75   S:   -8.57109          -8.04  F:    -9.54326     -0.872     0.13941       -1.5 %   w3,J2.5+:E27.183     w3,J2.5+:E27.307
  68   76   S:   -2.24798         617.66  F:    -2.40991     -0.015     0.01296       -0.5 %   w0,J2.5+:E35.070     w0,J2.5+:E38.518
  69   77   S:   -1.60160         235.25  F:    -2.32003      0.321     0.11880       -5.1 %   w1,J2.5+:E35.070     w1,J2.5+:E38.518
  70   78   S:    0.14041          30.73  F:     0.34957      0.330     0.31449       90.0 %   w2,J2.5+:E35.070     w2,J2.5+:E38.518
  71   79   S:    0.16688           9.24  F:    -0.11093     -0.030     0.02776      -25.0 %   w3,J2.5+:E35.070     w3,J2.5+:E38.518
  72    0   S:    1.00105         -85.02  F:     0.99545      0.013     0.00101        0.1 %         r:Barnard     
  73    1   S:    1.09767           0.40  F:     1.07185      0.005     0.00787        0.8 %           r:Elwyn     
  74    2   S:    1.08813          17.49  F:     1.03737     -0.039     0.00604        0.6 %       r:Elwyn_dXS     
  75    3   S:    0.98475           0.86  F:     0.99705      0.041     0.00279        0.3 %          r:Fasoli     
  76    4   S:    1.48659          -0.14  F:     1.47090      0.013     0.03510        2.9 %         r:Fiedler     
  77    5   S:    1.20135         -18.73  F:     1.14809      0.006     0.00430        0.4 %        r:Harrison     
  78    6   S:    1.05147         -21.66  F:     1.04649     -0.005     0.00134        0.1 %        r:Ivanovic     
  79    7   S:    1.13100         -24.25  F:     1.13450      0.039     0.00239        0.2 %          r:McCray     
  80    8   S:    0.92401         -10.78  F:     0.91223     -0.108     0.00076        0.1 %   r:Spiger_3He3He     
  81    9   S:    1.02697           7.83  F:     1.00144      0.028     0.00454        0.5 %     r:Spiger_3Hep     
  82   10   S:    1.12291           0.21  F:     1.08892      0.003     0.00865        0.8 %          r:Tumino     
New names for fixed parameters:  

*** chisq/pt =      1.53137, with chisq/dof=      1.60234 for dof=1791 from   5.378e+06
Write h-002_He_004-tt3.xml+test2+S1_I2000+C-fit.Ryaml 


Spin group: 3/2 -
3/2 -   3 poles, each with 4 widths: 15 parameters

Spin group: 1/2 -
1/2 -   2 poles, each with 3 widths: 8 parameters

Spin group: 7/2 -
7/2 -   2 poles, each with 4 widths: 10 parameters

Spin group: 5/2 -
5/2 -   3 poles, each with 4 widths: 15 parameters

Spin group: 1/2 +
1/2 +   1 poles, each with 3 widths: 4 parameters

Spin group: 3/2 +
3/2 +   2 poles, each with 4 widths: 10 parameters

Spin group: 5/2 +
5/2 +   2 poles, each with 4 widths: 10 parameters

Spin group: 7/2 +

Spin group: 9/2 -

Spin group: 9/2 +
Number of R-matrix parameters: 72
Covariance metadata and matrix written in file h-002_He_004-tt3.xml+test2+S1_I2000+C/bfgs_min.cov 

List the 2  parameters above 40.0 :
 [6, 9]

New computerCode is "Fit quality 2" after ['R-matrix fit', 'transform2', 'transform3'] 


*** chisq/pt =      1.60234 including ww/dof =      0.00000 and chisq/dof=      1.60234  for dof = 1791

Revised norms: [0.99545139 1.0718462  1.03736925 0.99704778 1.47090124 1.14809076
 1.04649391 1.13450005 0.91222804 1.00143632 1.08891626]

New InputDeck is "Fitted_data 2" after ['Fitted_data'] 

Write gnds files to h-002_He_004-tt3.xml+test2+S1_I2000+C-fit.xml
Written new fit file: h-002_He_004-tt3.xml+test2+S1_I2000+C-fit.xml
Written new cov file: h-002_He_004-tt3.xml+test2+S1_I2000+C-fit-covar.xml
    Total cross-sections for incoming 0 to file h-002_He_004-tt3.xml+test2+S1_I2000+C-ftot_h 
         and capture to h-002_He_004-tt3.xml+test2+S1_I2000+C-fcap_h
        Partition 0 to 1 : angle-integrated cross-sections to file h-002_He_004-tt3.xml+test2+S1_I2000+C-fch_h-to-p
    Total cross-sections for incoming 1 to file h-002_He_004-tt3.xml+test2+S1_I2000+C-ftot_p 
         and capture to h-002_He_004-tt3.xml+test2+S1_I2000+C-fcap_p
        Partition 1 to 0 : angle-integrated cross-sections to file h-002_He_004-tt3.xml+test2+S1_I2000+C-fch_p-to-h
    Total cross-sections for incoming 0 to file h-002_He_004-tt3.xml+test2+S1_I2000+C-Gtot_h 
         and capture to h-002_He_004-tt3.xml+test2+S1_I2000+C-Gcap_h
        Partition 0 to 1 : angle-integrated cross-sections to file h-002_He_004-tt3.xml+test2+S1_I2000+C-Gch_h-to-p
    Total cross-sections for incoming 1 to file h-002_He_004-tt3.xml+test2+S1_I2000+C-Gtot_p 
         and capture to h-002_He_004-tt3.xml+test2+S1_I2000+C-Gcap_p
        Partition 1 to 0 : angle-integrated cross-sections to file h-002_He_004-tt3.xml+test2+S1_I2000+C-Gch_p-to-h

Experimental data groups, by energy or angle groups if simpler:

Model  1 curve (  78 pts)  Barnard@a104.633+S_-fit                           :   chisq/gp =    0.406     1.104 %
Model  2 curve (  84 pts)  Barnard@a106.6+S_-fit                             :   chisq/gp =    0.505     1.479 %
Model  3 curve ( 104 pts)  Barnard@a116.617+S_-fit                           :   chisq/gp =    1.278     4.632 %
Model  4 curve (  81 pts)  Barnard@a125.317+S_-fit                           :   chisq/gp =    1.336     3.771 %
Model  5 curve (  54 pts)  Barnard@a140.833+S_-fit                           :   chisq/gp =    0.930     1.751 %
Model  6 curve (  75 pts)  Barnard@a54.733+S_-fit                            :   chisq/gp =    0.889     2.324 %
Model  7 curve (  85 pts)  Barnard@a63.4+S_-fit                              :   chisq/gp =    0.923     2.735 %
Model  8 curve ( 124 pts)  Barnard@a73.95+S_-fit                             :   chisq/gp =    0.198     0.854 %
Model  9 curve ( 125 pts)  Barnard@a90.03+S_-fit                             :   chisq/gp =    0.532     2.318 %
Model 10 curve (  30 pts)  Elwyn-Aint                                        :   chisq/gp =    0.463     0.484 %
Model 11 curve (  10 pts)  Elwyn_dXS@e0.13543570347957642+S_-fit             :   chisq/gp =    1.789     0.624 %
Model 12 curve (  10 pts)  Elwyn_dXS@e0.18564031770045386+S_-fit             :   chisq/gp =    0.125     0.044 %
Model 13 curve (  10 pts)  Elwyn_dXS@e0.2521906202723147+S_-fit              :   chisq/gp =   12.365     4.309 %
Model 14 curve (  10 pts)  Elwyn_dXS@e0.32457866868381247+S_-fit             :   chisq/gp =    4.416     1.539 %
Model 15 curve (  14 pts)  Elwyn_dXS@e0.4903706505295008+S_-fit              :   chisq/gp =    3.984     1.943 %
Model 16 curve (  14 pts)  Elwyn_dXS@e0.588444780635401+S_-fit               :   chisq/gp =    1.119     0.546 %
Model 17 curve (  14 pts)  Elwyn_dXS@e0.6876864599092285+S_-fit              :   chisq/gp =    3.666     1.788 %
Model 18 curve (  14 pts)  Elwyn_dXS@e0.786928139183056+S_-fit               :   chisq/gp =    1.318     0.643 %
Model 19 curve (  14 pts)  Elwyn_dXS@e0.887337367624811+S_-fit               :   chisq/gp =    1.905     0.929 %
Model 20 curve (   5 pts)  Fasoli@a109.87+S_-fit                             :   chisq/gp =    6.267     1.092 %
Model 21 curve (   6 pts)  Fasoli@a125.27+S_-fit                             :   chisq/gp =    2.778     0.581 %
Model 22 curve (   6 pts)  Fasoli@a146.77+S_-fit                             :   chisq/gp =    2.916     0.610 %
Model 23 curve (   5 pts)  Fasoli@a149.4+S_-fit                              :   chisq/gp =    4.195     0.731 %
Model 24 curve (   7 pts)  Fasoli@a168.65+S_-fit                             :   chisq/gp =    1.780     0.434 %
Model 25 curve (   4 pts)  Fasoli@a90.0+S_-fit                               :   chisq/gp =    1.756     0.245 %
Model 26 curve (   6 pts)  Fiedler-Aint                                      :   chisq/gp =    2.291     0.479 %
Model 27 curve (  13 pts)  Harrison@e2.400481089258699+S_-fit                :   chisq/gp =    0.554     0.251 %
Model 28 curve (  13 pts)  Harrison@e2.6001319969742815+S_-fit               :   chisq/gp =    0.757     0.343 %
Model 29 curve (  30 pts)  Ivanovic@a125.0+S_-fit                            :   chisq/gp =    2.681     2.803 %
Model 30 curve (  30 pts)  Ivanovic@a65.3+S_-fit                             :   chisq/gp =    1.974     2.064 %
Model 31 curve (  30 pts)  Ivanovic@a90.0+S_-fit                             :   chisq/gp =    1.391     1.454 %
Model 32 curve (   1 pts)  McCray@a109.87+S_-fit                             :   chisq/gp =   10.757     0.375 %
Model 33 curve (   8 pts)  McCray@a110.47+S_-fit                             :   chisq/gp =    3.408     0.950 %
Model 34 curve (  13 pts)  McCray@a110.8+S_-fit                              :   chisq/gp =    0.359     0.163 %
Model 35 curve (   1 pts)  McCray@a125.27+S_-fit                             :   chisq/gp =   24.954     0.870 %
Model 36 curve (   8 pts)  McCray@a125.48+S_-fit                             :   chisq/gp =    1.425     0.397 %
Model 37 curve (  13 pts)  McCray@a126.1+S_-fit                              :   chisq/gp =    0.347     0.157 %
Model 38 curve (   8 pts)  McCray@a140.03+S_-fit                             :   chisq/gp =    0.999     0.278 %
Model 39 curve (  13 pts)  McCray@a140.88+S_-fit                             :   chisq/gp =    3.452     1.564 %
Model 40 curve (   1 pts)  McCray@a146.77+S_-fit                             :   chisq/gp =   10.841     0.378 %
Model 41 curve (   1 pts)  McCray@a149.4+S_-fit                              :   chisq/gp =   15.047     0.524 %
Model 42 curve (  14 pts)  McCray@a159.12+S_-fit                             :   chisq/gp =    4.767     2.325 %
Model 43 curve (   7 pts)  McCray@a159.53+S_-fit                             :   chisq/gp =    2.574     0.628 %
Model 44 curve (   1 pts)  McCray@a168.65+S_-fit                             :   chisq/gp =   12.924     0.450 %
Model 45 curve (  21 pts)  McCray@a70.68+S_-fit                              :   chisq/gp =    3.523     2.578 %
Model 46 curve (   1 pts)  McCray@a90.0+S_-fit                               :   chisq/gp =   17.505     0.610 %
Model 47 curve (   8 pts)  McCray@a90.7+S_-fit                               :   chisq/gp =    0.333     0.093 %
Model 48 curve (  13 pts)  McCray@a90.75+S_-fit                              :   chisq/gp =    1.829     0.828 %
Model 49 curve (  34 pts)  Spiger_3He3He@a106.4+S_-fit                       :   chisq/gp =    1.144     1.356 %
Model 50 curve (  35 pts)  Spiger_3He3He@a116.8+S_-fit                       :   chisq/gp =    3.348     4.083 %
Model 51 curve (  35 pts)  Spiger_3He3He@a125.2+S_-fit                       :   chisq/gp =    1.986     2.423 %
Model 52 curve (  35 pts)  Spiger_3He3He@a135.0+S_-fit                       :   chisq/gp =    6.324     7.712 %
Model 53 curve (  35 pts)  Spiger_3He3He@a39.2+S_-fit                        :   chisq/gp =    0.648     0.790 %
Model 54 curve (  35 pts)  Spiger_3He3He@a47.0+S_-fit                        :   chisq/gp =    2.029     2.475 %
Model 55 curve (  35 pts)  Spiger_3He3He@a54.7+S_-fit                        :   chisq/gp =    4.171     5.087 %
Model 56 curve (  34 pts)  Spiger_3He3He@a63.4+S_-fit                        :   chisq/gp =    2.431     2.880 %
Model 57 curve (  35 pts)  Spiger_3He3He@a70.1+S_-fit                        :   chisq/gp =    1.454     1.773 %
Model 58 curve (  35 pts)  Spiger_3He3He@a77.0+S_-fit                        :   chisq/gp =    1.152     1.405 %
Model 59 curve (  35 pts)  Spiger_3He3He@a80.0+S_-fit                        :   chisq/gp =    1.561     1.904 %
Model 60 curve (  35 pts)  Spiger_3He3He@a85.26+S_-fit                       :   chisq/gp =    0.706     0.861 %
Model 61 curve (  35 pts)  Spiger_3He3He@a90.0+S_-fit                        :   chisq/gp =    0.961     1.172 %
Model 62 curve (  35 pts)  Spiger_3He3He@a98.4+S_-fit                        :   chisq/gp =    1.718     2.095 %
Model 63 curve (   4 pts)  Spiger_3Hep@e10.03362512494994+S_-fit             :   chisq/gp =    0.859     0.120 %
Model 64 curve (   4 pts)  Spiger_3Hep@e10.13357560242672+S_-fit             :   chisq/gp =    0.541     0.075 %
Model 65 curve (   5 pts)  Spiger_3Hep@e10.233526079903504+S_-fit            :   chisq/gp =    0.240     0.042 %
Model 66 curve (   9 pts)  Spiger_3Hep@e10.335230074529+S_-fit               :   chisq/gp =    1.090     0.342 %
Model 67 curve (  15 pts)  Spiger_3Hep@e10.435180552005782+S_-fit            :   chisq/gp =    0.616     0.322 %
Model 68 curve (   5 pts)  Spiger_3Hep@e10.685933504272096+S_-fit            :   chisq/gp =    0.601     0.105 %
Model 69 curve (   4 pts)  Spiger_3Hep@e10.840243013359057+S_-fit            :   chisq/gp =    0.033     0.005 %
Model 70 curve (   1 pts)  Spiger_3Hep@e7.804904828932572+S_-fit             :   chisq/gp =    0.724     0.025 %
Model 71 curve (   2 pts)  Spiger_3Hep@e8.171389913014107+S_-fit             :   chisq/gp =    0.330     0.023 %
Model 72 curve (   4 pts)  Spiger_3Hep@e8.311671284911345+S_-fit             :   chisq/gp =    1.983     0.276 %
Model 73 curve (   5 pts)  Spiger_3Hep@e8.422142865280419+S_-fit             :   chisq/gp =    1.227     0.214 %
Model 74 curve (   2 pts)  Spiger_3Hep@e8.523846859905916+S_-fit             :   chisq/gp =    0.035     0.002 %
Model 75 curve (   2 pts)  Spiger_3Hep@e8.6237973373827+S_-fit               :   chisq/gp =    0.274     0.019 %
Model 76 curve (   2 pts)  Spiger_3Hep@e8.725501332008196+S_-fit             :   chisq/gp =    0.837     0.058 %
Model 77 curve (   4 pts)  Spiger_3Hep@e8.8166842237414+S_-fit               :   chisq/gp =    1.265     0.176 %
Model 78 curve (   2 pts)  Spiger_3Hep@e8.825451809484978+S_-fit             :   chisq/gp =    0.162     0.011 %
Model 79 curve (   3 pts)  Spiger_3Hep@e8.92540228696176+S_-fit              :   chisq/gp =    1.071     0.112 %
Model 80 curve (   3 pts)  Spiger_3Hep@e9.027106281587256+S_-fit             :   chisq/gp =    0.006     0.001 %
Model 81 curve (   3 pts)  Spiger_3Hep@e9.12705675906404+S_-fit              :   chisq/gp =    0.088     0.009 %
Model 82 curve (   3 pts)  Spiger_3Hep@e9.228760753689537+S_-fit             :   chisq/gp =    0.094     0.010 %
Model 83 curve (   4 pts)  Spiger_3Hep@e9.323450679720173+S_-fit             :   chisq/gp =    0.304     0.042 %
Model 84 curve (   3 pts)  Spiger_3Hep@e9.32871123116632+S_-fit              :   chisq/gp =    0.189     0.020 %
Model 85 curve (   3 pts)  Spiger_3Hep@e9.4286617086431+S_-fit               :   chisq/gp =    0.053     0.006 %
Model 86 curve (   3 pts)  Spiger_3Hep@e9.530365703268597+S_-fit             :   chisq/gp =    0.061     0.006 %
Model 87 curve (   4 pts)  Spiger_3Hep@e9.63031618074538+S_-fit              :   chisq/gp =    0.372     0.052 %
Model 88 curve (  10 pts)  Spiger_3Hep@e9.730266658222163+S_-fit             :   chisq/gp =    0.284     0.099 %
Model 89 curve (   4 pts)  Spiger_3Hep@e9.828463618550229+S_-fit             :   chisq/gp =    0.420     0.058 %
Model 90 curve (   3 pts)  Spiger_3Hep@e9.83197065284766+S_-fit              :   chisq/gp =    0.676     0.071 %
Model 91 curve (   4 pts)  Spiger_3Hep@e9.931921130324442+S_-fit             :   chisq/gp =    9.927     1.384 %
Model 92 curve (  29 pts)  Tumino-Aint                                       :   chisq/gp =    0.717     0.725 %
Norm scale     0.995451         r:Barnard                      ~    1.00000 :    chisq    =    0.008     0.000 %  
Norm scale     1.071846         r:Elwyn                        ~    1.00000 :    chisq    =    0.637     0.022 %  
Norm scale     1.037369         r:Elwyn_dXS                    ~    1.00000 :    chisq    =    0.172     0.006 %  
Norm scale     0.997048         r:Fasoli                       ~    0.00000 :    chisq    =    0.000     0.000 %   shape
Norm scale     1.470901         r:Fiedler                      ~    0.00000 :    chisq    =    0.000     0.000 %   shape
Norm scale     1.148091         r:Harrison                     ~    0.00000 :    chisq    =    0.000     0.000 %   shape
Norm scale     1.046494         r:Ivanovic                     ~    1.00000 :    chisq    =    0.865     0.030 %  
Norm scale     1.134500         r:McCray                       ~    1.00000 :    chisq    =    7.236     0.252 %  
Norm scale     0.912228         r:Spiger_3He3He                ~    1.00000 :    chisq    =   34.240     1.193 %  
Norm scale     1.001436         r:Spiger_3Hep                  ~    1.00000 :    chisq    =    0.009     0.000 %  
Norm scale     1.088916         r:Tumino                       ~    0.00000 :    chisq    =    0.000     0.000 %   shape

 Last chisq/pt  =    1.53137 from 1874 points  so chisq/dof =    1.60234 (dof = 1791 )

Data grouped by X4 subentry:
Model  1  9 curves ( 810 pts)  Barnard@+S-fit                                    :   chisq/gp =    0.743    20.966 %
Model  1  1 curves (  30 pts)  Elwyn-Aint@+S-fit                                 :   chisq/gp =    0.463     0.484 %
Model  1  9 curves ( 110 pts)  Elwyn_dXS@+S-fit                                  :   chisq/gp =    3.226    12.365 %
Model  1  6 curves (  33 pts)  Fasoli@+S-fit                                     :   chisq/gp =    3.211     3.692 %
Model  1  1 curves (   6 pts)  Fiedler-Aint@+S-fit                               :   chisq/gp =    2.291     0.479 %
Model  1  2 curves (  26 pts)  Harrison@+S-fit                                   :   chisq/gp =    0.656     0.594 %
Model  1  3 curves (  90 pts)  Ivanovic@+S-fit                                   :   chisq/gp =    2.015     6.320 %
Model  1 17 curves ( 132 pts)  McCray@+S-fit                                     :   chisq/gp =    2.863    13.169 %
Model  1 14 curves ( 488 pts)  Spiger_3He3He@+S-fit                              :   chisq/gp =    2.118    36.017 %
Model  1 29 curves ( 120 pts)  Spiger_3Hep@+S-fit                                :   chisq/gp =    0.881     3.685 %
Model  1  1 curves (  29 pts)  Tumino-Aint@+S-fit                                :   chisq/gp =    0.717     0.725 %
Kept data in cm range [ 1.0 , 12.0 ] for projectile He3
   Write h-002_He_004-tt3.xml+test2+S1_I2000+C/Pole-energies.json with 1
Norm scale     0.995451         r:Barnard                      ~    1.00000 :     chisq    =    0.008     0.000 % 
Norm scale     1.071846         r:Elwyn                        ~    1.00000 :     chisq    =    0.637     0.022 % 
Norm scale     1.037369         r:Elwyn_dXS                    ~    1.00000 :     chisq    =    0.172     0.006 % 
Norm scale     0.997048         r:Fasoli                       ~    0.00000 :     chisq    =    0.000     0.000 %  shape
Norm scale     1.470901         r:Fiedler                      ~    0.00000 :     chisq    =    0.000     0.000 %  shape
Norm scale     1.148091         r:Harrison                     ~    0.00000 :     chisq    =    0.000     0.000 %  shape
Norm scale     1.046494         r:Ivanovic                     ~    1.00000 :     chisq    =    0.865     0.030 % 
Norm scale     1.134500         r:McCray                       ~    1.00000 :     chisq    =    7.236     0.252 % 
Norm scale     0.912228         r:Spiger_3He3He                ~    1.00000 :     chisq    =   34.240     1.193 % 
Norm scale     1.001436         r:Spiger_3Hep                  ~    1.00000 :     chisq    =    0.009     0.000 % 
Norm scale     1.088916         r:Tumino                       ~    0.00000 :     chisq    =    0.000     0.000 %  shape

Write Angle-integrals-*.json files in the lab frame of gnds projectile
In: h from 0
  Curve for h -> p
  Curve for h tot
   Write h-002_He_004-tt3.xml+test2+S1_I2000+C/Angle-integrals-from-h.json with 0
In: p from 1
  Curve for p -> h
    Curve 0 : Test2/Elwyn-Aint has 30 data points
    Curve 1 : Test2/Fiedler-Aint has 6 data points
    Curve 2 : Test2/Tumino-Aint has 29 data points
  Curve for p tot
   Write h-002_He_004-tt3.xml+test2+S1_I2000+C/Angle-integrals-from-p.json with 1
Write h-002_He_004-tt3.xml+test2+S1_I2000+C/Angle-integrals-Global.json with 1
------

Worst fits:
    Spiger_3He3He@a135.0                     contributes     7.712 %
    Spiger_3He3He@a54.7                      contributes     5.087 %
    Barnard@a116.617                         contributes     4.632 %
    Elwyn_dXS@e0.2521906202723147            contributes     4.309 %
    Spiger_3He3He@a116.8                     contributes     4.083 %
    Barnard@a125.317                         contributes     3.771 %
    Spiger_3He3He@a63.4                      contributes     2.880 %
    Ivanovic@a125.0                          contributes     2.803 %
    Barnard@a63.4                            contributes     2.735 %
    McCray@a70.68                            contributes     2.578 %

Unadjusted shape data:
------

*** chisq/pt =      1.53137, chisq/dof =      1.60234 with ww =      0.00000 so data Chisq/DOF =      1.60234 from dof = 1791

Final rflow:  delta times: cpu = 2214.21 s, wall = 462.2 s on Tue May 14 09:05:35 2024
Target stdout: h-002_He_004-tt3.xml+test2+S1_I2000+C.out
