
Rflow
Command: ../../rflow.py h-002_He_004-tt3.xml test2.data test2.norms -C -S 1 

 Trim incoming data within [ 1.0 , 12.0 ] in lab MeV for projectile He3
1874 data lines after -x and lab energies defined by projectile He3 ( 0 lines excluded)
Using previously fitted norm for r:Barnard              :  1.00105e+00 instead of  1.00000e+00
Using previously fitted norm for r:Elwyn                :  1.09767e+00 instead of  1.00000e+00
Using previously fitted norm for r:Elwyn_dXS            :  1.08813e+00 instead of  1.00000e+00
Using previously fitted norm for r:Fasoli               :  9.84753e-01 instead of  1.00000e+00
Using previously fitted norm for r:Fiedler              :  1.48659e+00 instead of  1.00000e+00
Using previously fitted norm for r:Harrison             :  1.20135e+00 instead of  1.00000e+00
Using previously fitted norm for r:Ivanovic             :  1.05147e+00 instead of  1.00000e+00
Using previously fitted norm for r:McCray               :  1.13100e+00 instead of  1.00000e+00
Using previously fitted norm for r:Spiger_3He3He        :  9.24014e-01 instead of  1.00000e+00
Using previously fitted norm for r:Spiger_3Hep          :  1.02697e+00 instead of  1.00000e+00
Using previously fitted norm for r:Tumino               :  1.12291e+00 instead of  1.00000e+00

Data points: 1874 of which 1809 are for angles, 65 are for angle-integrals, and  0 are for totals 
Data groups: 92 
X4 groups: 11 
Variable norms: 11  of which  7 constrained, 4 free, and 0  fixed ( 0 temporarily)

Energy limits:   Data min,max: None None .  Poles min,max: None None
File base: h-002_He_004-tt3.xml+test2+S1_I2000+C
Finish setup:  delta times: cpu = 0.77 s, wall = 0.54 s on Thu Oct 21 17:21:42 2021 

Partition 0 elim,label False He3 + He4
Partition 1 elim,label False H1 + Li6

Channels:
0 : He3 + He4  Q = 0.0 R = 4.24151
1 : H1 + Li6  Q = -4.0198 R = 3.94396
Need 1874 energies in 10 Jpi sets with 3 poles max, and 4 channels max. Lmax=6
J,pi =  1.5 -, channels   4, poles   3
J,pi =  0.5 -, channels   3, poles   2
J,pi =  3.5 -, channels   4, poles   2
J,pi =  2.5 -, channels   4, poles   3
J,pi =  0.5 +, channels   3, poles   1
J,pi =  1.5 +, channels   4, poles   2
J,pi =  2.5 +, channels   4, poles   2
J,pi =  3.5 +, channels   4, poles   0
J,pi =  4.5 -, channels   4, poles   0
J,pi =  4.5 +, channels   4, poles   0
 Total channels 38  and total poles 15 

Max channels in each partition: [1 3]  max= 3 from NLMAX= None

 Search: 1 to 2000 iterations
Variable borders: [ 0 15 72 83 83] and Fixed frontiers: [0 0 0 0 0]
Variable parameters - E,w,norms,D:  15 57 11 0  = 83
Fixed    parameters - E,w,norms,D:  0 0 0 0  = 0
# zero widths  = 63 

Searching on pole energies: [ -7.01304437  24.07859608  35.07034297 -29.12814573  35.07034297
 -21.77410855  35.07034297  11.70926747  10.98257148  35.07034297
  35.07034297  22.33489863  35.07034297  27.18337354  35.07034297]
Keep fixed   pole energies: []
Searching on damping widths: [  ]
L4 norm of widths: 34044.28710718078
AAL, AA sizes/p= 0.003, 0.117 GB from 1809*(10*3^2)^2 reals
Number of search parameters: 83
To start tf:  delta times: cpu = 2.76 s, wall = 2.56 s on Thu Oct 21 17:21:44 2021
GPUs: []

Tp_mat size 0.01079424 GB
Search parameters : 83
Data points: 1874 of which 1809 are for angles, 65 are for angle-integrals, and  0 are for totals. Dof= 1791
First FitStatusTF:  delta times: cpu = 7.76 s, wall = 8.57 s on Thu Oct 21 17:21:50 2021

First run chisq/pt: 1.9282181414517356 including ww/pt 0.0 : 1.9282181414517356 for data.

Start search

Results:
Converged: True Failed: False
Num_iterations: 1438 Num_objective_evaluations: 3697
Objective_value: 2817.9560649350806 Objective chisq/pt 1.5037118809685595
inverse_hessian shape= (83, 83) 
diagonal: ['16168.4458,', '71.1621,', '26390.7911,', '9.2340,', '17436.1136,', '686.2625,', '16576.4787,', '0.0055,', '0.0104,', '4281.2984,', '0.1792,', '0.0816,', '38.9662,', '528.0117,', '60.5989,', '40.6329,', '18.0922,', '19.3538,', '42.2145,', '0.2533,', '0.2981,', '0.7698,', '0.2711,', '53.1490,', '30.3946,', '13.0775,', '57.4574,', '0.0564,', '0.3131,', '0.2051,', '2.0580,', '11.1149,', '6.7599,', '0.0110,', '0.3372,', '4.6517,', '28.5346,', '0.0663,', '4.4476,', '26.4045,', '125.7534,', '0.0019,', '0.0313,', '0.0416,', '0.2161,', '0.0062,', '0.0023,', '0.1118,', '0.0410,', '0.9191,', '0.3312,', '4.1228,', '5.2759,', '0.0026,', '0.0036,', '0.0364,', '0.0033,', '0.0057,', '0.0307,', '0.0523,', '0.0372,', '0.2176,', '0.3381,', '0.1968,', '0.5519,', '0.6126,', '0.2871,', '1.6874,', '0.1010,', '0.4100,', '0.1070,', '1.7553,', '0.0000,', '0.0001,', '0.0000,', '0.0000,', '0.0012,', '0.0000,', '0.0000,', '0.0000,', '0.0000,', '0.0000,', '0.0001,']
Second FitStatusTF start:  delta times: cpu = 21631.42 s, wall = 3266.4 s on Thu Oct 21 18:16:08 2021
chisq from FitStatusTF/pt: 1.5037118809685595  chisq/dof = 1.5733981378755335
TAp_mat size 0.01079424 GB
TCp_mat size 0.01041984 GB
First FitStatusTF:  delta times: cpu = 21643.199999999997 s, wall = 3270.4 s on Thu Oct 21 18:16:12 2021 giving chisq/pt 1.503711880968559
Ending tf:  delta times: cpu = 21643.199999999997 s, wall = 3270.4 s on Thu Oct 21 18:16:12 2021
Finished tf:  delta times: cpu = 21643.199999999997 s, wall = 3270.4 s on Thu Oct 21 18:16:12 2021

R-matrix parameters:

Formal and 'Observed' properties by first-order (Thomas) corrections:
  For J/pi = 1.5-: 3
   Pole   0 at Elab = -700.889036 (cm -399.704694, obs 52505.068450) MeV widths: formal 1205712.33986, obs 1205711.34936, damping    0.00000
   Pole   1 at Elab =  29.537355 (cm  16.844634, obs  20.062779) MeV widths: formal  101.61121, obs   93.06386, damping    0.00000
   Pole   2 at Elab = 1017.001755 (cm 579.978220, obs 596.275341) MeV widths: formal 205239.62218, obs 202121.92580, damping    0.00000
  For J/pi = 0.5-: 2
   Pole   0 at Elab =  -5.510409 (cm  -3.142489, obs  11.382376) MeV widths: formal   22.33728, obs   20.72563, damping    0.00000
   Pole   1 at Elab = 810.822206 (cm 462.397648, obs 462.745238) MeV widths: formal 6296.74378, obs 6294.03752, damping    0.00000
  For J/pi = 3.5-: 2
   Pole   0 at Elab = -143.559982 (cm -81.869733, obs 15087.486540) MeV widths: formal 336676.00871, obs 336647.02962, damping    0.00000
   Pole   1 at Elab = 709.837368 (cm 404.807771, obs 552.061293) MeV widths: formal 95004.91231, obs 85034.34518, damping    0.00000
  For J/pi = 2.5-: 3
   Pole   0 at Elab =  11.257409 (cm   6.419903, obs   9.662068) MeV widths: formal    3.73881, obs    3.32211, damping    0.00000
   Pole   1 at Elab =  10.385268 (cm   5.922536, obs  15.430296) MeV widths: formal   13.26780, obs   11.06918, damping    0.00000
   Pole   2 at Elab = 423.294536 (cm 241.397431, obs 244.389708) MeV widths: formal 5596.85518, obs 5557.19724, damping    0.00000
  For J/pi = 0.5+: 1
   Pole   0 at Elab =  16.691216 (cm   9.518707, obs   9.987983) MeV widths: formal   62.29089, obs   60.34283, damping    0.00000
  For J/pi = 1.5+: 2
   Pole   0 at Elab =  13.787637 (cm   7.862847, obs   9.422910) MeV widths: formal    9.32065, obs    8.49258, damping    0.00000
   Pole   1 at Elab =  30.830194 (cm  17.581918, obs  19.811322) MeV widths: formal   69.31884, obs   64.71718, damping    0.00000
  For J/pi = 2.5+: 2
   Pole   0 at Elab =  73.563589 (cm  41.952021, obs 162.455340) MeV widths: formal 3119.63686, obs 2894.19829, damping    0.00000
   Pole   1 at Elab =  30.184274 (cm  17.213561, obs 168.826587) MeV widths: formal 1220.59395, obs 1187.90597, damping    0.00000
  For J/pi = 3.5+: 0
  For J/pi = 4.5-: 0
  For J/pi = 4.5+: 0

   P  Loc   Start:    V           grad    Final:     V      grad        1sig   Percent error     Parameter        new name
   0    0   S:   -7.01304          -3.11  F:  -700.88904      0.014   127.15520      -18.1 %    PJ1.5-:E-7.013     PJ1.5-:E-700.889
   1    1   S:   24.07860          14.41  F:    29.53735      0.003     8.43576       28.6 %    PJ1.5-:E24.079     PJ1.5-:E29.537
   2    2   S:   35.07034          16.41  F:  1017.00175      0.009   162.45243       16.0 %    PJ1.5-:E35.070     PJ1.5-:E1017.002
   3    3   S:  -29.12815          -0.80  F:    -5.51041      0.003     3.03875      -55.1 %   PJ0.5-:E-29.128     PJ0.5-:E-5.510
   4    4   S:   35.07034          -7.07  F:   810.82221     -0.000   132.04588       16.3 %    PJ0.5-:E35.070     PJ0.5-:E810.822
   5    6   S:  -21.77411         358.28  F:  -143.55998      0.070    26.19661      -18.2 %   PJ3.5-:E-21.774     PJ3.5-:E-143.560
   6    7   S:   35.07034          15.61  F:   709.83737     -0.003   128.74967       18.1 %    PJ3.5-:E35.070     PJ3.5-:E709.837
   7    9   S:   11.70927          22.53  F:    11.25741     -0.120     0.07400        0.7 %    PJ2.5-:E11.709     PJ2.5-:E11.257
   8   10   S:   10.98257          63.86  F:    10.38527      0.282     0.10201        1.0 %    PJ2.5-:E10.983     PJ2.5-:E10.385
   9   11   S:   35.07034           0.44  F:   423.29454     -0.004    65.43163       15.5 %    PJ2.5-:E35.070     PJ2.5-:E423.295
  10   12   S:   35.07034          48.18  F:    16.69122     -0.018     0.42337        2.5 %    PJ0.5+:E35.070     PJ0.5+:E16.691
  11   15   S:   22.33490          21.47  F:    13.78764     -0.022     0.28568        2.1 %    PJ1.5+:E22.335     PJ1.5+:E13.788
  12   16   S:   35.07034         -32.87  F:    30.83019     -0.005     6.24229       20.2 %    PJ1.5+:E35.070     PJ1.5+:E30.830
  13   18   S:   27.18337          -8.40  F:    73.56359      0.004    22.97850       31.2 %    PJ2.5+:E27.183     PJ2.5+:E73.564
  14   19   S:   35.07034          35.32  F:    30.18427      0.002     7.78453       25.8 %    PJ2.5+:E35.070     PJ2.5+:E30.184
  15    0   S:   -1.02728          65.70  F:   -38.79669     -0.463     6.37439      -16.4 %   w0,J1.5-:E-7.013     w0,J1.5-:E-700.889
  16    1   S:   -0.01523         -20.47  F:   -24.24511     -0.029     4.25349      -17.5 %   w1,J1.5-:E-7.013     w1,J1.5-:E-700.889
  17    2   S:   -1.83588          -1.05  F:    18.18362      0.006     4.39930       24.2 %   w2,J1.5-:E-7.013     w2,J1.5-:E-700.889
  18    3   S:    1.41413         -13.54  F:    -8.89957      0.016     6.49727      -73.0 %   w3,J1.5-:E-7.013     w3,J1.5-:E-700.889
  19    4   S:   -0.22451        -224.58  F:    -0.10778      0.353     0.50332     -467.0 %   w0,J1.5-:E24.079     w0,J1.5-:E29.537
  20    5   S:   -1.84383          33.54  F:    -2.69564     -0.009     0.54597      -20.3 %   w1,J1.5-:E24.079     w1,J1.5-:E29.537
  21    6   S:   -3.00246         140.92  F:    -3.23807     -0.069     0.87736      -27.1 %   w2,J1.5-:E24.079     w2,J1.5-:E29.537
  22    7   S:   -1.36026          -1.78  F:     0.77216     -0.003     0.52066       67.4 %   w3,J1.5-:E24.079     w3,J1.5-:E29.537
  23    8   S:    2.14740        -339.75  F:    47.54872     -0.380     7.29034       15.3 %   w0,J1.5-:E35.070     w0,J1.5-:E1017.002
  24    9   S:    0.92192         -18.36  F:    30.01190     -0.037     5.51313       18.4 %   w1,J1.5-:E35.070     w1,J1.5-:E1017.002
  25   10   S:    0.25154         125.23  F:   -21.71724     -0.004     3.61628      -16.7 %   w2,J1.5-:E35.070     w2,J1.5-:E1017.002
  26   11   S:    1.00041         -24.08  F:    21.57159      0.013     7.58006       35.1 %   w3,J1.5-:E35.070     w3,J1.5-:E1017.002
  27   12   S:   -1.66256          24.27  F:    -1.03855     -0.020     0.23750      -22.9 %   w0,J0.5-:E-29.128     w0,J0.5-:E-5.510
  28   13   S:    4.18476          10.53  F:     2.10785      0.003     0.55955       26.5 %   w1,J0.5-:E-29.128     w1,J0.5-:E-5.510
  29   14   S:    0.95228         -83.39  F:    -0.05895     -0.004     0.45291     -768.3 %   w2,J0.5-:E-29.128     w2,J0.5-:E-5.510
  30   16   S:    1.72252         110.57  F:     9.97723      0.006     1.43459       14.4 %   w0,J0.5-:E35.070     w0,J0.5-:E810.822
  31   17   S:    0.02755           0.13  F:    -0.28619     -0.005     3.33390    -1164.9 %   w1,J0.5-:E35.070     w1,J0.5-:E810.822
  32   18   S:   -1.71781        -100.24  F:    -5.66860      0.000     2.59998      -45.9 %   w2,J0.5-:E35.070     w2,J0.5-:E810.822
  33   24   S:    4.54266       -1818.34  F:     4.21364     -0.593     0.10480        2.5 %   w0,J3.5-:E-21.774     w0,J3.5-:E-143.560
  34   25   S:   -1.37753        -202.72  F:    -6.55798     -0.189     0.58065       -8.9 %   w1,J3.5-:E-21.774     w1,J3.5-:E-143.560
  35   26   S:  -12.62615       -2000.64  F:   -19.13757     -0.485     2.15677      -11.3 %   w2,J3.5-:E-21.774     w2,J3.5-:E-143.560
  36   27   S:    4.58028         457.58  F:    35.72402      0.188     5.34178       15.0 %   w3,J3.5-:E-21.774     w3,J3.5-:E-143.560
  37   28   S:    3.74730          80.91  F:     6.80104     -0.045     0.25742        3.8 %   w0,J3.5-:E35.070     w0,J3.5-:E709.837
  38   29   S:   -1.15102          16.99  F:     7.37216     -0.028     2.10894       28.6 %   w1,J3.5-:E35.070     w1,J3.5-:E709.837
  39   30   S:   -4.90761         251.33  F:    21.89654     -0.044     5.13853       23.5 %   w2,J3.5-:E35.070     w2,J3.5-:E709.837
  40   31   S:    0.23924         -64.05  F:   -45.02921     -0.047    11.21398      -24.9 %   w3,J3.5-:E35.070     w3,J3.5-:E709.837
  41   36   S:   -0.90634          56.92  F:    -0.93034     -0.257     0.04361       -4.7 %   w0,J2.5-:E11.709     w0,J2.5-:E11.257
  42   37   S:    0.86979         -17.34  F:     0.32765      0.143     0.17681       54.0 %   w1,J2.5-:E11.709     w1,J2.5-:E11.257
  43   38   S:    1.41596         -12.13  F:    -0.83598     -0.049     0.20396      -24.4 %   w2,J2.5-:E11.709     w2,J2.5-:E11.257
  44   39   S:   -0.25595          -6.19  F:    -0.20213     -0.049     0.46481     -230.0 %   w3,J2.5-:E11.709     w3,J2.5-:E11.257
  45   40   S:   -0.45263          16.21  F:    -0.31282      0.040     0.07846      -25.1 %   w0,J2.5-:E10.983     w0,J2.5-:E10.385
  46   41   S:   -1.45976          41.96  F:    -1.37346     -0.024     0.04753       -3.5 %   w1,J2.5-:E10.983     w1,J2.5-:E10.385
  47   42   S:   -2.20137          31.37  F:     0.57430      0.049     0.33438       58.2 %   w2,J2.5-:E10.983     w2,J2.5-:E10.385
  48   43   S:   -1.42671          13.12  F:    -1.58402      0.100     0.20246      -12.8 %   w3,J2.5-:E10.983     w3,J2.5-:E10.385
  49   44   S:   -3.04521          72.65  F:   -11.76635     -0.051     0.95870       -8.1 %   w0,J2.5-:E35.070     w0,J2.5-:E423.295
  50   45   S:   -0.07469           9.19  F:     3.24779      0.008     0.57554       17.7 %   w1,J2.5-:E35.070     w1,J2.5-:E423.295
  51   46   S:   -3.59878         -20.59  F:    -0.47529      0.001     2.03046     -427.2 %   w2,J2.5-:E35.070     w2,J2.5-:E423.295
  52   47   S:    1.97946           9.30  F:    -2.64985     -0.001     2.29692      -86.7 %   w3,J2.5-:E35.070     w3,J2.5-:E423.295
  53   48   S:   -4.02976         488.27  F:    -2.48671     -0.382     0.05136       -2.1 %   w0,J0.5+:E35.070     w0,J0.5+:E16.691
  54   49   S:   -3.88860         116.89  F:    -2.23877      0.195     0.06018       -2.7 %   w1,J0.5+:E35.070     w1,J0.5+:E16.691
  55   50   S:   -1.79540          15.78  F:    -0.13744     -0.002     0.19077     -138.8 %   w2,J0.5+:E35.070     w2,J0.5+:E16.691
  56   60   S:    0.03961        -244.27  F:    -0.51980     -0.081     0.05781      -11.1 %   w0,J1.5+:E22.335     w0,J1.5+:E13.788
  57   61   S:    2.65794        -115.94  F:     1.41261      0.089     0.07573        5.4 %   w1,J1.5+:E22.335     w1,J1.5+:E13.788
  58   62   S:    0.61623           8.59  F:     0.37841      0.006     0.17533       46.3 %   w2,J1.5+:E22.335     w2,J1.5+:E13.788
  59   63   S:    3.56809         -31.12  F:     0.93069      0.006     0.22862       24.6 %   w3,J1.5+:E22.335     w3,J1.5+:E13.788
  60   64   S:    2.36411        1214.43  F:     1.78181      0.113     0.19283       10.8 %   w0,J1.5+:E35.070     w0,J1.5+:E30.830
  61   65   S:   -0.54556        -239.69  F:     1.96586      0.033     0.46649       23.7 %   w1,J1.5+:E35.070     w1,J1.5+:E30.830
  62   66   S:    2.12504        -277.46  F:     1.77619      0.002     0.58144       32.7 %   w2,J1.5+:E35.070     w2,J1.5+:E30.830
  63   67   S:   -1.15648         140.81  F:     0.70243      0.003     0.44361       63.2 %   w3,J1.5+:E35.070     w3,J1.5+:E30.830
  64   72   S:   -0.49861         -80.86  F:    -3.22794      0.146     0.74291      -23.0 %   w0,J2.5+:E27.183     w0,J2.5+:E73.564
  65   73   S:    1.71645         104.37  F:    -1.28029     -0.001     0.78268      -61.1 %   w1,J2.5+:E27.183     w1,J2.5+:E73.564
  66   74   S:    0.08500          36.05  F:     0.31433     -0.003     0.53579      170.5 %   w2,J2.5+:E27.183     w2,J2.5+:E73.564
  67   75   S:   -8.57109          -8.04  F:   -12.38203      0.002     1.29899      -10.5 %   w3,J2.5+:E27.183     w3,J2.5+:E73.564
  68   76   S:   -2.24798         617.66  F:    -0.94621      0.101     0.31783      -33.6 %   w0,J2.5+:E35.070     w0,J2.5+:E30.184
  69   77   S:   -1.60160         235.25  F:    -2.36049      0.000     0.64031      -27.1 %   w1,J2.5+:E35.070     w1,J2.5+:E30.184
  70   78   S:    0.14041          30.73  F:     0.03089      0.004     0.32713     1059.2 %   w2,J2.5+:E35.070     w2,J2.5+:E30.184
  71   79   S:    0.16688           9.24  F:     7.64664      0.000     1.32489       17.3 %   w3,J2.5+:E35.070     w3,J2.5+:E30.184
  72    0   S:    1.00105         -85.02  F:     0.99525      0.168     0.00102        0.1 %         r:Barnard     
  73    1   S:    1.09767           0.40  F:     1.06578      0.013     0.00807        0.8 %           r:Elwyn     
  74    2   S:    1.08813          17.49  F:     1.03464     -0.012     0.00625        0.6 %       r:Elwyn_dXS     
  75    3   S:    0.98475           0.86  F:     0.99712     -0.066     0.00310        0.3 %          r:Fasoli     
  76    4   S:    1.48659          -0.14  F:     1.47081     -0.000     0.03484        2.9 %         r:Fiedler     
  77    5   S:    1.20135         -18.73  F:     1.14312     -0.170     0.00442        0.4 %        r:Harrison     
  78    6   S:    1.05147         -21.66  F:     1.04671      0.093     0.00134        0.1 %        r:Ivanovic     
  79    7   S:    1.13100         -24.25  F:     1.13259     -0.163     0.00278        0.3 %          r:McCray     
  80    8   S:    0.92401         -10.78  F:     0.91181     -0.449     0.00078        0.1 %   r:Spiger_3He3He     
  81    9   S:    1.02697           7.83  F:     0.99999      0.087     0.00464        0.5 %     r:Spiger_3Hep     
  82   10   S:    1.12291           0.21  F:     1.08376      0.006     0.00897        0.9 %          r:Tumino     
New names for fixed parameters:  

*** chisq/pt =      1.50371, with chisq/dof=      1.57340 for dof=1791 from   5.281e+06
Covariance metadata and matrix written in file h-002_He_004-tt3.xml+test2+S1_I2000+C/bfgs_min.cov 

List the 12  parameters above 40.0 :
 [0, 1, 2, 4, 5, 6, 9, 12, 13, 14, 23, 40]

New computerCode is "Fit quality 2" after ['R-matrix fit', 'transform2'] 


*** chisq/pt =      1.57340 including ww/dof =      0.00000 and chisq/dof=      1.57340  for dof = 1791

Revised norms: [0.99524741 1.06578332 1.03463593 0.99711608 1.47080869 1.14311771
 1.04671193 1.13258646 0.91181358 0.99998862 1.08376015]

New InputDeck is "Fitted_data 2" after ['Fitted_data'] 

Written new fit file: h-002_He_004-tt3.xml+test2+S1_I2000+C-fit.xml
    Total cross-sections for incoming 0 to file h-002_He_004-tt3.xml+test2+S1_I2000+C-ftot_h 
         and capture to h-002_He_004-tt3.xml+test2+S1_I2000+C-fcap_h
        Partition 0 to 1 : angle-integrated cross-sections to file h-002_He_004-tt3.xml+test2+S1_I2000+C-fch_h-to-p
    Total cross-sections for incoming 1 to file h-002_He_004-tt3.xml+test2+S1_I2000+C-ftot_p 
         and capture to h-002_He_004-tt3.xml+test2+S1_I2000+C-fcap_p
        Partition 1 to 0 : angle-integrated cross-sections to file h-002_He_004-tt3.xml+test2+S1_I2000+C-fch_p-to-h
    Total cross-sections for incoming 0 to file h-002_He_004-tt3.xml+test2+S1_I2000+C-Gtot_h 
         and capture to h-002_He_004-tt3.xml+test2+S1_I2000+C-Gcap_h
        Partition 0 to 1 : angle-integrated cross-sections to file h-002_He_004-tt3.xml+test2+S1_I2000+C-Gch_h-to-p
    Total cross-sections for incoming 1 to file h-002_He_004-tt3.xml+test2+S1_I2000+C-Gtot_p 
         and capture to h-002_He_004-tt3.xml+test2+S1_I2000+C-Gcap_p
        Partition 1 to 0 : angle-integrated cross-sections to file h-002_He_004-tt3.xml+test2+S1_I2000+C-Gch_p-to-h

Experimental data groups, by energy or angle groups if simpler:

Model  1 curve (  78 pts)  Barnard@a104.633+S_-fit                           :   chisq/gp =    0.393     1.089 %
Model  2 curve (  84 pts)  Barnard@a106.6+S_-fit                             :   chisq/gp =    0.492     1.466 %
Model  3 curve ( 104 pts)  Barnard@a116.617+S_-fit                           :   chisq/gp =    1.185     4.374 %
Model  4 curve (  81 pts)  Barnard@a125.317+S_-fit                           :   chisq/gp =    1.327     3.813 %
Model  5 curve (  54 pts)  Barnard@a140.833+S_-fit                           :   chisq/gp =    0.904     1.731 %
Model  6 curve (  75 pts)  Barnard@a54.733+S_-fit                            :   chisq/gp =    0.853     2.270 %
Model  7 curve (  85 pts)  Barnard@a63.4+S_-fit                              :   chisq/gp =    0.978     2.950 %
Model  8 curve ( 124 pts)  Barnard@a73.95+S_-fit                             :   chisq/gp =    0.197     0.867 %
Model  9 curve ( 125 pts)  Barnard@a90.03+S_-fit                             :   chisq/gp =    0.511     2.265 %
Model 10 curve (  30 pts)  Elwyn-Aint                                        :   chisq/gp =    0.416     0.442 %
Model 11 curve (  10 pts)  Elwyn_dXS@e0.13543570347957642+S_-fit             :   chisq/gp =    1.776     0.630 %
Model 12 curve (  10 pts)  Elwyn_dXS@e0.18564031770045386+S_-fit             :   chisq/gp =    0.126     0.045 %
Model 13 curve (  10 pts)  Elwyn_dXS@e0.2521906202723147+S_-fit              :   chisq/gp =   12.185     4.324 %
Model 14 curve (  10 pts)  Elwyn_dXS@e0.32457866868381247+S_-fit             :   chisq/gp =    4.344     1.542 %
Model 15 curve (  14 pts)  Elwyn_dXS@e0.4903706505295008+S_-fit              :   chisq/gp =    3.983     1.979 %
Model 16 curve (  14 pts)  Elwyn_dXS@e0.588444780635401+S_-fit               :   chisq/gp =    1.094     0.544 %
Model 17 curve (  14 pts)  Elwyn_dXS@e0.6876864599092285+S_-fit              :   chisq/gp =    3.610     1.793 %
Model 18 curve (  14 pts)  Elwyn_dXS@e0.786928139183056+S_-fit               :   chisq/gp =    1.315     0.653 %
Model 19 curve (  14 pts)  Elwyn_dXS@e0.887337367624811+S_-fit               :   chisq/gp =    1.839     0.914 %
Model 20 curve (   5 pts)  Fasoli@a109.87+S_-fit                             :   chisq/gp =    6.332     1.124 %
Model 21 curve (   6 pts)  Fasoli@a125.27+S_-fit                             :   chisq/gp =    2.964     0.631 %
Model 22 curve (   6 pts)  Fasoli@a146.77+S_-fit                             :   chisq/gp =    2.942     0.626 %
Model 23 curve (   5 pts)  Fasoli@a149.4+S_-fit                              :   chisq/gp =    4.136     0.734 %
Model 24 curve (   7 pts)  Fasoli@a168.65+S_-fit                             :   chisq/gp =    1.910     0.474 %
Model 25 curve (   4 pts)  Fasoli@a90.0+S_-fit                               :   chisq/gp =    1.712     0.243 %
Model 26 curve (   6 pts)  Fiedler-Aint                                      :   chisq/gp =    2.291     0.488 %
Model 27 curve (  13 pts)  Harrison@e2.400481089258699+S_-fit                :   chisq/gp =    0.555     0.256 %
Model 28 curve (  13 pts)  Harrison@e2.6001319969742815+S_-fit               :   chisq/gp =    0.734     0.339 %
Model 29 curve (  30 pts)  Ivanovic@a125.0+S_-fit                            :   chisq/gp =    2.757     2.936 %
Model 30 curve (  30 pts)  Ivanovic@a65.3+S_-fit                             :   chisq/gp =    1.821     1.939 %
Model 31 curve (  30 pts)  Ivanovic@a90.0+S_-fit                             :   chisq/gp =    1.509     1.606 %
Model 32 curve (   1 pts)  McCray@a109.87+S_-fit                             :   chisq/gp =   10.832     0.384 %
Model 33 curve (   8 pts)  McCray@a110.47+S_-fit                             :   chisq/gp =    3.389     0.962 %
Model 34 curve (  13 pts)  McCray@a110.8+S_-fit                              :   chisq/gp =    0.405     0.187 %
Model 35 curve (   1 pts)  McCray@a125.27+S_-fit                             :   chisq/gp =   25.940     0.921 %
Model 36 curve (   8 pts)  McCray@a125.48+S_-fit                             :   chisq/gp =    1.302     0.370 %
Model 37 curve (  13 pts)  McCray@a126.1+S_-fit                              :   chisq/gp =    0.296     0.136 %
Model 38 curve (   8 pts)  McCray@a140.03+S_-fit                             :   chisq/gp =    0.899     0.255 %
Model 39 curve (  13 pts)  McCray@a140.88+S_-fit                             :   chisq/gp =    3.325     1.534 %
Model 40 curve (   1 pts)  McCray@a146.77+S_-fit                             :   chisq/gp =   11.186     0.397 %
Model 41 curve (   1 pts)  McCray@a149.4+S_-fit                              :   chisq/gp =   15.248     0.541 %
Model 42 curve (  14 pts)  McCray@a159.12+S_-fit                             :   chisq/gp =    4.859     2.414 %
Model 43 curve (   7 pts)  McCray@a159.53+S_-fit                             :   chisq/gp =    2.802     0.696 %
Model 44 curve (   1 pts)  McCray@a168.65+S_-fit                             :   chisq/gp =   11.765     0.418 %
Model 45 curve (  21 pts)  McCray@a70.68+S_-fit                              :   chisq/gp =    3.209     2.392 %
Model 46 curve (   1 pts)  McCray@a90.0+S_-fit                               :   chisq/gp =   17.524     0.622 %
Model 47 curve (   8 pts)  McCray@a90.7+S_-fit                               :   chisq/gp =    0.413     0.117 %
Model 48 curve (  13 pts)  McCray@a90.75+S_-fit                              :   chisq/gp =    1.985     0.916 %
Model 49 curve (  34 pts)  Spiger_3He3He@a106.4+S_-fit                       :   chisq/gp =    1.204     1.452 %
Model 50 curve (  35 pts)  Spiger_3He3He@a116.8+S_-fit                       :   chisq/gp =    3.268     4.059 %
Model 51 curve (  35 pts)  Spiger_3He3He@a125.2+S_-fit                       :   chisq/gp =    1.972     2.449 %
Model 52 curve (  35 pts)  Spiger_3He3He@a135.0+S_-fit                       :   chisq/gp =    6.184     7.681 %
Model 53 curve (  35 pts)  Spiger_3He3He@a39.2+S_-fit                        :   chisq/gp =    0.627     0.779 %
Model 54 curve (  35 pts)  Spiger_3He3He@a47.0+S_-fit                        :   chisq/gp =    1.970     2.447 %
Model 55 curve (  35 pts)  Spiger_3He3He@a54.7+S_-fit                        :   chisq/gp =    4.177     5.188 %
Model 56 curve (  34 pts)  Spiger_3He3He@a63.4+S_-fit                        :   chisq/gp =    2.273     2.743 %
Model 57 curve (  35 pts)  Spiger_3He3He@a70.1+S_-fit                        :   chisq/gp =    1.264     1.570 %
Model 58 curve (  35 pts)  Spiger_3He3He@a77.0+S_-fit                        :   chisq/gp =    1.001     1.243 %
Model 59 curve (  35 pts)  Spiger_3He3He@a80.0+S_-fit                        :   chisq/gp =    1.527     1.896 %
Model 60 curve (  35 pts)  Spiger_3He3He@a85.26+S_-fit                       :   chisq/gp =    0.710     0.882 %
Model 61 curve (  35 pts)  Spiger_3He3He@a90.0+S_-fit                        :   chisq/gp =    0.924     1.148 %
Model 62 curve (  35 pts)  Spiger_3He3He@a98.4+S_-fit                        :   chisq/gp =    1.719     2.135 %
Model 63 curve (   4 pts)  Spiger_3Hep@e10.03362512494994+S_-fit             :   chisq/gp =    0.878     0.125 %
Model 64 curve (   4 pts)  Spiger_3Hep@e10.13357560242672+S_-fit             :   chisq/gp =    0.510     0.072 %
Model 65 curve (   5 pts)  Spiger_3Hep@e10.233526079903504+S_-fit            :   chisq/gp =    0.245     0.044 %
Model 66 curve (   9 pts)  Spiger_3Hep@e10.335230074529+S_-fit               :   chisq/gp =    1.105     0.353 %
Model 67 curve (  15 pts)  Spiger_3Hep@e10.435180552005782+S_-fit            :   chisq/gp =    0.630     0.335 %
Model 68 curve (   5 pts)  Spiger_3Hep@e10.685933504272096+S_-fit            :   chisq/gp =    0.596     0.106 %
Model 69 curve (   4 pts)  Spiger_3Hep@e10.840243013359057+S_-fit            :   chisq/gp =    0.074     0.011 %
Model 70 curve (   1 pts)  Spiger_3Hep@e7.804904828932572+S_-fit             :   chisq/gp =    0.708     0.025 %
Model 71 curve (   2 pts)  Spiger_3Hep@e8.171389913014107+S_-fit             :   chisq/gp =    0.358     0.025 %
Model 72 curve (   4 pts)  Spiger_3Hep@e8.311671284911345+S_-fit             :   chisq/gp =    2.002     0.284 %
Model 73 curve (   5 pts)  Spiger_3Hep@e8.422142865280419+S_-fit             :   chisq/gp =    1.227     0.218 %
Model 74 curve (   2 pts)  Spiger_3Hep@e8.523846859905916+S_-fit             :   chisq/gp =    0.024     0.002 %
Model 75 curve (   2 pts)  Spiger_3Hep@e8.6237973373827+S_-fit               :   chisq/gp =    0.245     0.017 %
Model 76 curve (   2 pts)  Spiger_3Hep@e8.725501332008196+S_-fit             :   chisq/gp =    0.764     0.054 %
Model 77 curve (   4 pts)  Spiger_3Hep@e8.8166842237414+S_-fit               :   chisq/gp =    1.236     0.176 %
Model 78 curve (   2 pts)  Spiger_3Hep@e8.825451809484978+S_-fit             :   chisq/gp =    0.181     0.013 %
Model 79 curve (   3 pts)  Spiger_3Hep@e8.92540228696176+S_-fit              :   chisq/gp =    1.005     0.107 %
Model 80 curve (   3 pts)  Spiger_3Hep@e9.027106281587256+S_-fit             :   chisq/gp =    0.008     0.001 %
Model 81 curve (   3 pts)  Spiger_3Hep@e9.12705675906404+S_-fit              :   chisq/gp =    0.089     0.009 %
Model 82 curve (   3 pts)  Spiger_3Hep@e9.228760753689537+S_-fit             :   chisq/gp =    0.098     0.010 %
Model 83 curve (   4 pts)  Spiger_3Hep@e9.323450679720173+S_-fit             :   chisq/gp =    0.264     0.037 %
Model 84 curve (   3 pts)  Spiger_3Hep@e9.32871123116632+S_-fit              :   chisq/gp =    0.187     0.020 %
Model 85 curve (   3 pts)  Spiger_3Hep@e9.4286617086431+S_-fit               :   chisq/gp =    0.057     0.006 %
Model 86 curve (   3 pts)  Spiger_3Hep@e9.530365703268597+S_-fit             :   chisq/gp =    0.069     0.007 %
Model 87 curve (   4 pts)  Spiger_3Hep@e9.63031618074538+S_-fit              :   chisq/gp =    0.374     0.053 %
Model 88 curve (  10 pts)  Spiger_3Hep@e9.730266658222163+S_-fit             :   chisq/gp =    0.220     0.078 %
Model 89 curve (   4 pts)  Spiger_3Hep@e9.828463618550229+S_-fit             :   chisq/gp =    0.327     0.046 %
Model 90 curve (   3 pts)  Spiger_3Hep@e9.83197065284766+S_-fit              :   chisq/gp =    0.688     0.073 %
Model 91 curve (   4 pts)  Spiger_3Hep@e9.931921130324442+S_-fit             :   chisq/gp =   10.014     1.421 %
Model 92 curve (  29 pts)  Tumino-Aint                                       :   chisq/gp =    0.700     0.720 %
Norm scale     0.995247         r:Barnard                      ~    1.00000 :    chisq    =    0.009     0.000 %  
Norm scale     1.065783         r:Elwyn                        ~    1.00000 :    chisq    =    0.534     0.019 %  
Norm scale     1.034636         r:Elwyn_dXS                    ~    1.00000 :    chisq    =    0.148     0.005 %  
Norm scale     0.997116         r:Fasoli                       ~    0.00000 :    chisq    =    0.000     0.000 %   shape
Norm scale     1.470809         r:Fiedler                      ~    0.00000 :    chisq    =    0.000     0.000 %   shape
Norm scale     1.143118         r:Harrison                     ~    0.00000 :    chisq    =    0.000     0.000 %   shape
Norm scale     1.046712         r:Ivanovic                     ~    1.00000 :    chisq    =    0.873     0.031 %  
Norm scale     1.132586         r:McCray                       ~    1.00000 :    chisq    =    7.032     0.250 %  
Norm scale     0.911814         r:Spiger_3He3He                ~    1.00000 :    chisq    =   34.564     1.227 %  
Norm scale     0.999989         r:Spiger_3Hep                  ~    1.00000 :    chisq    =    0.000     0.000 %  
Norm scale     1.083760         r:Tumino                       ~    0.00000 :    chisq    =    0.000     0.000 %   shape

 Last chisq/pt  =    1.50371 from 1874 points  so chisq/dof =    1.57340 (dof = 1791 )

Data grouped by X4 subentry:
Model  1  9 curves ( 810 pts)  Barnard@+S-fit                                    :   chisq/gp =    0.725    20.825 %
Model  1  1 curves (  30 pts)  Elwyn-Aint@+S-fit                                 :   chisq/gp =    0.416     0.442 %
Model  1  9 curves ( 110 pts)  Elwyn_dXS@+S-fit                                  :   chisq/gp =    3.183    12.424 %
Model  1  6 curves (  33 pts)  Fasoli@+S-fit                                     :   chisq/gp =    3.273     3.832 %
Model  1  1 curves (   6 pts)  Fiedler-Aint@+S-fit                               :   chisq/gp =    2.291     0.488 %
Model  1  2 curves (  26 pts)  Harrison@+S-fit                                   :   chisq/gp =    0.645     0.595 %
Model  1  3 curves (  90 pts)  Ivanovic@+S-fit                                   :   chisq/gp =    2.029     6.480 %
Model  1 17 curves ( 132 pts)  McCray@+S-fit                                     :   chisq/gp =    2.831    13.261 %
Model  1 14 curves ( 488 pts)  Spiger_3He3He@+S-fit                              :   chisq/gp =    2.060    35.670 %
Model  1 29 curves ( 120 pts)  Spiger_3Hep@+S-fit                                :   chisq/gp =    0.876     3.730 %
Model  1  1 curves (  29 pts)  Tumino-Aint@+S-fit                                :   chisq/gp =    0.700     0.720 %
Kept data in cm range [ 1.0 , 12.0 ] for projectile He3
   Write h-002_He_004-tt3.xml+test2+S1_I2000+C/Pole-energies.json with 1
Norm scale     0.995247         r:Barnard                      ~    1.00000 :     chisq    =    0.009     0.000 % 
Norm scale     1.065783         r:Elwyn                        ~    1.00000 :     chisq    =    0.534     0.019 % 
Norm scale     1.034636         r:Elwyn_dXS                    ~    1.00000 :     chisq    =    0.148     0.005 % 
Norm scale     0.997116         r:Fasoli                       ~    0.00000 :     chisq    =    0.000     0.000 %  shape
Norm scale     1.470809         r:Fiedler                      ~    0.00000 :     chisq    =    0.000     0.000 %  shape
Norm scale     1.143118         r:Harrison                     ~    0.00000 :     chisq    =    0.000     0.000 %  shape
Norm scale     1.046712         r:Ivanovic                     ~    1.00000 :     chisq    =    0.873     0.031 % 
Norm scale     1.132586         r:McCray                       ~    1.00000 :     chisq    =    7.032     0.250 % 
Norm scale     0.911814         r:Spiger_3He3He                ~    1.00000 :     chisq    =   34.564     1.227 % 
Norm scale     0.999989         r:Spiger_3Hep                  ~    1.00000 :     chisq    =    0.000     0.000 % 
Norm scale     1.083760         r:Tumino                       ~    0.00000 :     chisq    =    0.000     0.000 %  shape

Write Angle-integrals-*.json files in the lab frame of gnds projectile
In: h from 0
  Curve for h -> p
  Curve for h tot
   Write h-002_He_004-tt3.xml+test2+S1_I2000+C/Angle-integrals-from-h.json with 0
In: p from 1
  Curve for p -> h
    Curve 0 : Test2/Elwyn-Aint has 30 data points
    Curve 1 : Test2/Fiedler-Aint has 6 data points
    Curve 2 : Test2/Tumino-Aint has 29 data points
  Curve for p tot
   Write h-002_He_004-tt3.xml+test2+S1_I2000+C/Angle-integrals-from-p.json with 1
Write h-002_He_004-tt3.xml+test2+S1_I2000+C/Angle-integrals-Global.json with 1
------

Worst fits:
    Spiger_3He3He@a135.0                     contributes     7.681 %
    Spiger_3He3He@a54.7                      contributes     5.188 %
    Barnard@a116.617                         contributes     4.374 %
    Elwyn_dXS@e0.2521906202723147            contributes     4.324 %
    Spiger_3He3He@a116.8                     contributes     4.059 %
    Barnard@a125.317                         contributes     3.813 %
    Barnard@a63.4                            contributes     2.950 %
    Ivanovic@a125.0                          contributes     2.936 %
    Spiger_3He3He@a63.4                      contributes     2.743 %
    Spiger_3He3He@a125.2                     contributes     2.449 %

Unadjusted shape data:
------

*** chisq/pt =      1.50371, chisq/dof =      1.57340 with ww =      0.00000 so data Chisq/DOF =      1.57340 from dof = 1791

Final rflow:  delta times: cpu = 21643.88 s, wall = 3271.1 s on Thu Oct 21 18:16:12 2021
Target stdout: h-002_He_004-tt3.xml+test2+S1_I2000+C.out
