
Rflow 0.30
Command: /Users/ian/binw/rflow.py h-002_He_004-tt3.xml test2.data test2.norms 

 Trim incoming data within [ 1.0 , 12.0 ] in cm MeV for projectile He3
1874 data lines after -x options and lab energies defined by projectile He3 ( 0 lines excluded)
Kept data in the Ecm g-p range [ 1.4070000000000003 , 6.565799999999999 ] using Qd,Qi = 0.0 0.0 

Make 1874 data from 1809 angular, 65 angle integrals, 0 totals and 0 Reich-Moore captures
Using previously fitted norm for r:Barnard              :  1.00105e+00 instead of  1.00000e+00
Using previously fitted norm for r:Elwyn                :  1.09767e+00 instead of  1.00000e+00
Using previously fitted norm for r:Elwyn_dXS            :  1.08813e+00 instead of  1.00000e+00
Using previously fitted norm for r:Fasoli               :  9.84753e-01 instead of  1.00000e+00
Using previously fitted norm for r:Fiedler              :  1.48659e+00 instead of  1.00000e+00
Using previously fitted norm for r:Harrison             :  1.20135e+00 instead of  1.00000e+00
Using previously fitted norm for r:Ivanovic             :  1.05147e+00 instead of  1.00000e+00
Using previously fitted norm for r:McCray               :  1.13100e+00 instead of  1.00000e+00
Using previously fitted norm for r:Spiger_3He3He        :  9.24014e-01 instead of  1.00000e+00
Using previously fitted norm for r:Spiger_3Hep          :  1.02697e+00 instead of  1.00000e+00
Using previously fitted norm for r:Tumino               :  1.12291e+00 instead of  1.00000e+00

Data points: 1874 of which 1809 are for angles, 65 are for angle-integrals, 0 are for totals, and 0 for Reich-Moore captures 
Data groups: 92 
X4 groups: 11 
Variable norms: 11  of which  7 constrained, 4 free, and 0  fixed ( 0 temporarily)

Energy limits:   Data min,max: None None .  Poles min,max: None None
File base: h-002_He_004-tt3.xml+test2
Finish setup:  delta times: cpu = 0.21 s, wall = 0.38 s on Tue May 14 08:56:43 2024 

Partition 0 elim,label False He3 + He4
Partition 1 elim,label False H1 + Li6

Channels:
0 : He3 + He4  Q = 0.0 R = 4.24151
1 : H1 + Li6  Q = -4.0198 R = 3.94396
Need 1874 energies in 10 Jpi sets with 3 poles max, and 4 channels max. Lmax=6
J,pi =  1.5 -, channels   4, poles   3
J,pi =  0.5 -, channels   3, poles   2
J,pi =  3.5 -, channels   4, poles   2
J,pi =  2.5 -, channels   4, poles   3
J,pi =  0.5 +, channels   3, poles   1
J,pi =  1.5 +, channels   4, poles   2
J,pi =  2.5 +, channels   4, poles   2
J,pi =  3.5 +, channels   4, poles   0
J,pi =  4.5 -, channels   4, poles   0
J,pi =  4.5 +, channels   4, poles   0
 Total channels 38  and total poles 15 

Max channels in each partition: [1 3]  max= 3 from NLMAX= None
Variable borders: [ 0 15 72 83 83] and Fixed frontiers: [0 0 0 0 0]
Variable parameters - E,w,norms,D:  15 57 11 0  = 83
Fixed    parameters - E,w,norms,D:  0 0 0 0  = 0
# zero widths  = 63 

Searching on pole energies: ['PJ1.5-:E-7.013', 'PJ1.5-:E24.079', 'PJ1.5-:E35.070', 'PJ0.5-:E-29.128', 'PJ0.5-:E35.070', 'PJ3.5-:E-21.774', 'PJ3.5-:E35.070', 'PJ2.5-:E11.709', 'PJ2.5-:E10.983', 'PJ2.5-:E35.070', 'PJ0.5+:E35.070', 'PJ1.5+:E22.335', 'PJ1.5+:E35.070', 'PJ2.5+:E27.183', 'PJ2.5+:E35.070']
Keep fixed   pole energies: []
Searching on widths : ['w0,J1.5-:E-7.013', 'w1,J1.5-:E-7.013', 'w2,J1.5-:E-7.013', 'w3,J1.5-:E-7.013', 'w0,J1.5-:E24.079', 'w1,J1.5-:E24.079', 'w2,J1.5-:E24.079', 'w3,J1.5-:E24.079', 'w0,J1.5-:E35.070', 'w1,J1.5-:E35.070', 'w2,J1.5-:E35.070', 'w3,J1.5-:E35.070', 'w0,J0.5-:E-29.128', 'w1,J0.5-:E-29.128', 'w2,J0.5-:E-29.128', 'w0,J0.5-:E35.070', 'w1,J0.5-:E35.070', 'w2,J0.5-:E35.070', 'w0,J3.5-:E-21.774', 'w1,J3.5-:E-21.774', 'w2,J3.5-:E-21.774', 'w3,J3.5-:E-21.774', 'w0,J3.5-:E35.070', 'w1,J3.5-:E35.070', 'w2,J3.5-:E35.070', 'w3,J3.5-:E35.070', 'w0,J2.5-:E11.709', 'w1,J2.5-:E11.709', 'w2,J2.5-:E11.709', 'w3,J2.5-:E11.709', 'w0,J2.5-:E10.983', 'w1,J2.5-:E10.983', 'w2,J2.5-:E10.983', 'w3,J2.5-:E10.983', 'w0,J2.5-:E35.070', 'w1,J2.5-:E35.070', 'w2,J2.5-:E35.070', 'w3,J2.5-:E35.070', 'w0,J0.5+:E35.070', 'w1,J0.5+:E35.070', 'w2,J0.5+:E35.070', 'w0,J1.5+:E22.335', 'w1,J1.5+:E22.335', 'w2,J1.5+:E22.335', 'w3,J1.5+:E22.335', 'w0,J1.5+:E35.070', 'w1,J1.5+:E35.070', 'w2,J1.5+:E35.070', 'w3,J1.5+:E35.070', 'w0,J2.5+:E27.183', 'w1,J2.5+:E27.183', 'w2,J2.5+:E27.183', 'w3,J2.5+:E27.183', 'w0,J2.5+:E35.070', 'w1,J2.5+:E35.070', 'w2,J2.5+:E35.070', 'w3,J2.5+:E35.070']
Keep fixed   widths: []
Searching on norms : ['r:Barnard', 'r:Elwyn', 'r:Elwyn_dXS', 'r:Fasoli', 'r:Fiedler', 'r:Harrison', 'r:Ivanovic', 'r:McCray', 'r:Spiger_3He3He', 'r:Spiger_3Hep', 'r:Tumino']
Keep fixed   norms: []
Searching on damping widths: [  ]
L4 norm of widths: 34044.28710718078
AAL, AA sizes/p= 0.003, 0.117 GB from 1809*(10*3^2)^2 reals
Number of search parameters: 83
To start tf:  delta times: cpu = 0.89 s, wall = 1.1 s on Tue May 14 08:56:44 2024
GPUs: [PhysicalDevice(name='/physical_device:GPU:0', device_type='GPU')] with TF: 2.13.0

Tp_mat size 0.01079424 GB
Search parameters : 83
Data points: 1874 of which 1809 are for angles, 65 are for angle-integrals, 0 are for totals, and 0 for capture. Dof= 1791
First FitStatusTF:  delta times: cpu = 3.15 s, wall = 4.08 s on Tue May 14 08:56:47 2024

First run chisq/pt: 1.9282181414611441 including ww/pt 0.0 : 1.9282181414611441 for data.

Second FitStatusTF start:  delta times: cpu = 8.41 s, wall = 9.12 s on Tue May 14 08:56:52 2024
chisq from FitStatusTF/pt: 1.9282181414611441  chisq/dof = 2.0175772178102647
Ending tf:  delta times: cpu = 9.030000000000001 s, wall = 9.22 s on Tue May 14 08:56:52 2024
Finished tf:  delta times: cpu = 9.08 s, wall = 9.28 s on Tue May 14 08:56:52 2024

R-matrix parameters:

Formal and 'Observed' properties by first-order (Thomas) corrections:
  For J/pi = 1.5-: 3
   Pole   0 at Elab =  -7.013044 (cm  -3.999416, obs  16.132677) MeV widths: formal   28.52830, obs   24.92406, damping    0.00000
   Pole   1 at Elab =  24.078596 (cm  13.731600, obs  18.991480) MeV widths: formal   71.77850, obs   63.14079, damping    0.00000
   Pole   2 at Elab =  35.070343 (cm  20.000000, obs  21.361339) MeV widths: formal   56.98242, obs   54.57334, damping    0.00000
  For J/pi = 0.5-: 2
   Pole   0 at Elab = -29.128146 (cm -16.611269, obs  70.580039) MeV widths: formal  288.79901, obs  287.46500, damping    0.00000
   Pole   1 at Elab =  35.070343 (cm  20.000000, obs  20.488176) MeV widths: formal   47.41392, obs   46.70327, damping    0.00000
  For J/pi = 3.5-: 2
   Pole   0 at Elab = -21.774109 (cm -12.417391, obs 970.870689) MeV widths: formal 10534.94963, obs 10520.61659, damping    0.00000
   Pole   1 at Elab =  35.070343 (cm  20.000000, obs  50.282643) MeV widths: formal  434.99157, obs  386.25978, damping    0.00000
  For J/pi = 2.5-: 3
   Pole   0 at Elab =  11.709267 (cm   6.677589, obs  13.789608) MeV widths: formal    9.98821, obs    8.42633, damping    0.00000
   Pole   1 at Elab =  10.982571 (cm   6.263167, obs  27.160136) MeV widths: formal   47.29962, obs   41.42780, damping    0.00000
   Pole   2 at Elab =  35.070343 (cm  20.000000, obs  39.950929) MeV widths: formal  241.27303, obs  210.31502, damping    0.00000
  For J/pi = 0.5+: 1
   Pole   0 at Elab =  35.070343 (cm  20.000000, obs  21.748368) MeV widths: formal  293.09930, obs  278.63085, damping    0.00000
  For J/pi = 1.5+: 2
   Pole   0 at Elab =  22.334899 (cm  12.737200, obs  22.181896) MeV widths: formal  111.54111, obs   96.89637, damping    0.00000
   Pole   1 at Elab =  35.070343 (cm  20.000000, obs  22.996839) MeV widths: formal   89.42958, obs   82.89072, damping    0.00000
  For J/pi = 2.5+: 2
   Pole   0 at Elab =  27.183374 (cm  15.502200, obs 220.650503) MeV widths: formal 1677.89615, obs 1647.69682, damping    0.00000
   Pole   1 at Elab =  35.070343 (cm  20.000000, obs  21.739353) MeV widths: formal   62.62011, obs   59.57491, damping    0.00000
  For J/pi = 3.5+: 0
  For J/pi = 4.5-: 0
  For J/pi = 4.5+: 0

   P  Loc   Start:    V           grad    Parameter
   0    0   S:   -7.01304          -3.11   PJ1.5-:E-7.013
   1    1   S:   24.07860          14.41   PJ1.5-:E24.079
   2    2   S:   35.07034          16.41   PJ1.5-:E35.070
   3    3   S:  -29.12815          -0.80   PJ0.5-:E-29.128
   4    4   S:   35.07034          -7.07   PJ0.5-:E35.070
   5    6   S:  -21.77411         358.28   PJ3.5-:E-21.774
   6    7   S:   35.07034          15.61   PJ3.5-:E35.070
   7    9   S:   11.70927          22.53   PJ2.5-:E11.709
   8   10   S:   10.98257          63.86   PJ2.5-:E10.983
   9   11   S:   35.07034           0.44   PJ2.5-:E35.070
  10   12   S:   35.07034          48.18   PJ0.5+:E35.070
  11   15   S:   22.33490          21.47   PJ1.5+:E22.335
  12   16   S:   35.07034         -32.87   PJ1.5+:E35.070
  13   18   S:   27.18337          -8.40   PJ2.5+:E27.183
  14   19   S:   35.07034          35.32   PJ2.5+:E35.070
  15    0   S:   -1.02728          65.70   w0,J1.5-:E-7.013
  16    1   S:   -0.01523         -20.47   w1,J1.5-:E-7.013
  17    2   S:   -1.83588          -1.05   w2,J1.5-:E-7.013
  18    3   S:    1.41413         -13.54   w3,J1.5-:E-7.013
  19    4   S:   -0.22451        -224.58   w0,J1.5-:E24.079
  20    5   S:   -1.84383          33.54   w1,J1.5-:E24.079
  21    6   S:   -3.00246         140.92   w2,J1.5-:E24.079
  22    7   S:   -1.36026          -1.78   w3,J1.5-:E24.079
  23    8   S:    2.14740        -339.75   w0,J1.5-:E35.070
  24    9   S:    0.92192         -18.36   w1,J1.5-:E35.070
  25   10   S:    0.25154         125.23   w2,J1.5-:E35.070
  26   11   S:    1.00041         -24.08   w3,J1.5-:E35.070
  27   12   S:   -1.66256          24.27   w0,J0.5-:E-29.128
  28   13   S:    4.18476          10.53   w1,J0.5-:E-29.128
  29   14   S:    0.95228         -83.39   w2,J0.5-:E-29.128
  30   16   S:    1.72252         110.57   w0,J0.5-:E35.070
  31   17   S:    0.02755           0.13   w1,J0.5-:E35.070
  32   18   S:   -1.71781        -100.24   w2,J0.5-:E35.070
  33   24   S:    4.54266       -1818.34   w0,J3.5-:E-21.774
  34   25   S:   -1.37753        -202.72   w1,J3.5-:E-21.774
  35   26   S:  -12.62615       -2000.64   w2,J3.5-:E-21.774
  36   27   S:    4.58028         457.58   w3,J3.5-:E-21.774
  37   28   S:    3.74730          80.91   w0,J3.5-:E35.070
  38   29   S:   -1.15102          16.99   w1,J3.5-:E35.070
  39   30   S:   -4.90761         251.33   w2,J3.5-:E35.070
  40   31   S:    0.23924         -64.05   w3,J3.5-:E35.070
  41   36   S:   -0.90634          56.92   w0,J2.5-:E11.709
  42   37   S:    0.86979         -17.34   w1,J2.5-:E11.709
  43   38   S:    1.41596         -12.13   w2,J2.5-:E11.709
  44   39   S:   -0.25595          -6.19   w3,J2.5-:E11.709
  45   40   S:   -0.45263          16.21   w0,J2.5-:E10.983
  46   41   S:   -1.45976          41.96   w1,J2.5-:E10.983
  47   42   S:   -2.20137          31.37   w2,J2.5-:E10.983
  48   43   S:   -1.42671          13.12   w3,J2.5-:E10.983
  49   44   S:   -3.04521          72.65   w0,J2.5-:E35.070
  50   45   S:   -0.07469           9.19   w1,J2.5-:E35.070
  51   46   S:   -3.59878         -20.59   w2,J2.5-:E35.070
  52   47   S:    1.97946           9.30   w3,J2.5-:E35.070
  53   48   S:   -4.02976         488.27   w0,J0.5+:E35.070
  54   49   S:   -3.88860         116.89   w1,J0.5+:E35.070
  55   50   S:   -1.79540          15.78   w2,J0.5+:E35.070
  56   60   S:    0.03961        -244.27   w0,J1.5+:E22.335
  57   61   S:    2.65794        -115.94   w1,J1.5+:E22.335
  58   62   S:    0.61623           8.59   w2,J1.5+:E22.335
  59   63   S:    3.56809         -31.12   w3,J1.5+:E22.335
  60   64   S:    2.36411        1214.43   w0,J1.5+:E35.070
  61   65   S:   -0.54556        -239.69   w1,J1.5+:E35.070
  62   66   S:    2.12504        -277.46   w2,J1.5+:E35.070
  63   67   S:   -1.15648         140.81   w3,J1.5+:E35.070
  64   72   S:   -0.49861         -80.86   w0,J2.5+:E27.183
  65   73   S:    1.71645         104.37   w1,J2.5+:E27.183
  66   74   S:    0.08500          36.05   w2,J2.5+:E27.183
  67   75   S:   -8.57109          -8.04   w3,J2.5+:E27.183
  68   76   S:   -2.24798         617.66   w0,J2.5+:E35.070
  69   77   S:   -1.60160         235.25   w1,J2.5+:E35.070
  70   78   S:    0.14041          30.73   w2,J2.5+:E35.070
  71   79   S:    0.16688           9.24   w3,J2.5+:E35.070
  72    0   S:    1.00105         -85.02   r:Barnard
  73    1   S:    1.09767           0.40   r:Elwyn
  74    2   S:    1.08813          17.49   r:Elwyn_dXS
  75    3   S:    0.98475           0.86   r:Fasoli
  76    4   S:    1.48659          -0.14   r:Fiedler
  77    5   S:    1.20135         -18.73   r:Harrison
  78    6   S:    1.05147         -21.66   r:Ivanovic
  79    7   S:    1.13100         -24.25   r:McCray
  80    8   S:    0.92401         -10.78   r:Spiger_3He3He
  81    9   S:    1.02697           7.83   r:Spiger_3Hep
  82   10   S:    1.12291           0.21   r:Tumino

   P  Loc   Fixed:    V                   Parameter

*** chisq/pt = 1.9282181414611441  so chisq/dof= 2.0175772178102647  with ww 0.0  so data chisq/dof 2.0175772178102647

*** chisq/pt =      2.01758 including ww/dof =      0.00000 and chisq/dof=      2.01758  for dof = 1791


*** chisq/pt =      1.92822, chisq/dof =      2.01758 with ww =      0.00000 so data Chisq/DOF =      2.01758 from dof = 1791

Final rflow:  delta times: cpu = 9.09 s, wall = 9.28 s on Tue May 14 08:56:52 2024
Target stdout: h-002_He_004-tt3.xml+test2.out
